Archive member included because of file (symbol)

c:/program files (x86)/emblocks/2.30/share/em_armgcc/bin/../lib/gcc/arm-none-eabi/4.7.3/../../../../arm-none-eabi/lib/armv7e-m/softfp\libc_n.a(lib_a-exit.o)
                              c:/program files (x86)/emblocks/2.30/share/em_armgcc/bin/../lib/gcc/arm-none-eabi/4.7.3/../../../../arm-none-eabi/lib/armv7e-m/softfp/crt0.o (exit)
c:/program files (x86)/emblocks/2.30/share/em_armgcc/bin/../lib/gcc/arm-none-eabi/4.7.3/../../../../arm-none-eabi/lib/armv7e-m/softfp\libc_n.a(lib_a-impure.o)
                              c:/program files (x86)/emblocks/2.30/share/em_armgcc/bin/../lib/gcc/arm-none-eabi/4.7.3/../../../../arm-none-eabi/lib/armv7e-m/softfp\libc_n.a(lib_a-exit.o) (_global_impure_ptr)
c:/program files (x86)/emblocks/2.30/share/em_armgcc/bin/../lib/gcc/arm-none-eabi/4.7.3/../../../../arm-none-eabi/lib/armv7e-m/softfp\libc_n.a(lib_a-init.o)
                              c:/program files (x86)/emblocks/2.30/share/em_armgcc/bin/../lib/gcc/arm-none-eabi/4.7.3/../../../../arm-none-eabi/lib/armv7e-m/softfp/crt0.o (__libc_init_array)
c:/program files (x86)/emblocks/2.30/share/em_armgcc/bin/../lib/gcc/arm-none-eabi/4.7.3/../../../../arm-none-eabi/lib/armv7e-m/softfp\libc_n.a(lib_a-memcmp.o)
                              obj\debug\src\rtos\tasks.o (memcmp)
c:/program files (x86)/emblocks/2.30/share/em_armgcc/bin/../lib/gcc/arm-none-eabi/4.7.3/../../../../arm-none-eabi/lib/armv7e-m/softfp\libc_n.a(lib_a-memcpy-stub.o)
                              obj\debug\src\rtos\queue.o (memcpy)
c:/program files (x86)/emblocks/2.30/share/em_armgcc/bin/../lib/gcc/arm-none-eabi/4.7.3/../../../../arm-none-eabi/lib/armv7e-m/softfp\libc_n.a(lib_a-memset.o)
                              c:/program files (x86)/emblocks/2.30/share/em_armgcc/bin/../lib/gcc/arm-none-eabi/4.7.3/../../../../arm-none-eabi/lib/armv7e-m/softfp/crt0.o (memset)
c:/program files (x86)/emblocks/2.30/share/em_armgcc/bin/../lib/gcc/arm-none-eabi/4.7.3/../../../../arm-none-eabi/lib/armv7e-m/softfp\libnosys.a(_exit.o)
                              c:/program files (x86)/emblocks/2.30/share/em_armgcc/bin/../lib/gcc/arm-none-eabi/4.7.3/../../../../arm-none-eabi/lib/armv7e-m/softfp\libc_n.a(lib_a-exit.o) (_exit)

Allocating common symbols
Common symbol       size              file

xFrame              0x29              obj\debug\src\usartrxtask.o
xTxRequest          0x4               obj\debug\src\main.o
xQueueRegistry      0x40              obj\debug\src\rtos\queue.o
xUsartTxBuffer      0x4               obj\debug\src\main.o
CPU_Freq            0x1               obj\debug\src\rcc.o
board_status        0x38              obj\debug\src\main.o
xSensorTaskHandle   0x4               obj\debug\src\main.o
xLedTaskHandle      0x4               obj\debug\src\main.o
xUsartRxBuffer      0x4               obj\debug\src\main.o
xUsartRxTaskHandle  0x4               obj\debug\src\main.o
xUsartTxTaskHandle  0x4               obj\debug\src\main.o

Discarded input sections

 .text          0x00000000        0x0 c:/program files (x86)/emblocks/2.30/share/em_armgcc/bin/../lib/gcc/arm-none-eabi/4.7.3/armv7e-m/softfp/crti.o
 .data          0x00000000        0x0 c:/program files (x86)/emblocks/2.30/share/em_armgcc/bin/../lib/gcc/arm-none-eabi/4.7.3/armv7e-m/softfp/crti.o
 .bss           0x00000000        0x0 c:/program files (x86)/emblocks/2.30/share/em_armgcc/bin/../lib/gcc/arm-none-eabi/4.7.3/armv7e-m/softfp/crti.o
 .data          0x00000000        0x4 c:/program files (x86)/emblocks/2.30/share/em_armgcc/bin/../lib/gcc/arm-none-eabi/4.7.3/armv7e-m/softfp/crtbegin.o
 .data          0x00000000        0x0 c:/program files (x86)/emblocks/2.30/share/em_armgcc/bin/../lib/gcc/arm-none-eabi/4.7.3/../../../../arm-none-eabi/lib/armv7e-m/softfp/crt0.o
 .bss           0x00000000        0x0 c:/program files (x86)/emblocks/2.30/share/em_armgcc/bin/../lib/gcc/arm-none-eabi/4.7.3/../../../../arm-none-eabi/lib/armv7e-m/softfp/crt0.o
 .ARM.extab     0x00000000        0x0 c:/program files (x86)/emblocks/2.30/share/em_armgcc/bin/../lib/gcc/arm-none-eabi/4.7.3/../../../../arm-none-eabi/lib/armv7e-m/softfp/crt0.o
 .group         0x00000000        0x8 obj\debug\spl\src\stm32f30x_adc.o
 .group         0x00000000        0x8 obj\debug\spl\src\stm32f30x_adc.o
 .group         0x00000000        0x8 obj\debug\spl\src\stm32f30x_adc.o
 .group         0x00000000        0x8 obj\debug\spl\src\stm32f30x_adc.o
 .group         0x00000000        0x8 obj\debug\spl\src\stm32f30x_adc.o
 .group         0x00000000        0x8 obj\debug\spl\src\stm32f30x_adc.o
 .group         0x00000000        0x8 obj\debug\spl\src\stm32f30x_adc.o
 .group         0x00000000        0x8 obj\debug\spl\src\stm32f30x_adc.o
 .group         0x00000000        0x8 obj\debug\spl\src\stm32f30x_adc.o
 .group         0x00000000        0x8 obj\debug\spl\src\stm32f30x_adc.o
 .group         0x00000000        0x8 obj\debug\spl\src\stm32f30x_adc.o
[...]
Memory Configuration

Name             Origin             Length             Attributes
ROM              0x08000000         0x00040000         xr
RAM              0x20000000         0x0000a000         xrw
CCRAM            0x10000000         0x00002000         xrw
*default*        0x00000000         0xffffffff

Linker script and memory map

LOAD c:/program files (x86)/emblocks/2.30/share/em_armgcc/bin/../lib/gcc/arm-none-eabi/4.7.3/armv7e-m/softfp/crti.o
LOAD c:/program files (x86)/emblocks/2.30/share/em_armgcc/bin/../lib/gcc/arm-none-eabi/4.7.3/armv7e-m/softfp/crtbegin.o
LOAD c:/program files (x86)/emblocks/2.30/share/em_armgcc/bin/../lib/gcc/arm-none-eabi/4.7.3/../../../../arm-none-eabi/lib/armv7e-m/softfp/crt0.o
                0x00000000                __HEAP_SIZE = 0x0
                0x00000100                __STACK_SIZE = 0x100

.text           0x08000000     0x52ac
 *(.isr_vector)
 .isr_vector    0x08000000      0x188 obj\debug\src\startup_stm32f30x.o
                0x08000000                __isr_vector
 *(.text*)
 .text          0x08000188       0x54 c:/program files (x86)/emblocks/2.30/share/em_armgcc/bin/../lib/gcc/arm-none-eabi/4.7.3/armv7e-m/softfp/crtbegin.o
 .text          0x080001dc       0x74 c:/program files (x86)/emblocks/2.30/share/em_armgcc/bin/../lib/gcc/arm-none-eabi/4.7.3/../../../../arm-none-eabi/lib/armv7e-m/softfp/crt0.o
                0x080001dc                _start
                0x080001dc                _mainCRTStartup
 .text.EXTI_ClearITPendingBit
                0x08000250       0x38 obj\debug\spl\src\stm32f30x_exti.o
                0x08000250                EXTI_ClearITPendingBit
 .text.GPIO_Init
                0x08000288      0x150 obj\debug\spl\src\stm32f30x_gpio.o
                0x08000288                GPIO_Init
 .text.GPIO_SetBits
                0x080003d8       0x1c obj\debug\spl\src\stm32f30x_gpio.o
                0x080003d8                GPIO_SetBits
 .text.GPIO_ResetBits
                0x080003f4       0x1c obj\debug\spl\src\stm32f30x_gpio.o
                0x080003f4                GPIO_ResetBits
 .text.GPIO_PinAFConfig
                0x08000410       0xa8 obj\debug\spl\src\stm32f30x_gpio.o
                0x08000410                GPIO_PinAFConfig
 .text.I2C_Init
                0x080004b8       0xd0 obj\debug\spl\src\stm32f30x_i2c.o
                0x080004b8                I2C_Init
 .text.I2C_Cmd  0x08000588       0x38 obj\debug\spl\src\stm32f30x_i2c.o
                0x08000588                I2C_Cmd
 .text.I2C_TransferHandling
                0x080005c0       0x60 obj\debug\spl\src\stm32f30x_i2c.o
                0x080005c0                I2C_TransferHandling
 .text.I2C_SendData
                0x08000620       0x1c obj\debug\spl\src\stm32f30x_i2c.o
                0x08000620                I2C_SendData
 .text.I2C_ReceiveData
                0x0800063c       0x1c obj\debug\spl\src\stm32f30x_i2c.o
                0x0800063c                I2C_ReceiveData
 .text.NVIC_PriorityGroupConfig
                0x08000658       0x28 obj\debug\spl\src\stm32f30x_misc.o
                0x08000658                NVIC_PriorityGroupConfig
 .text.RCC_AHBPeriphClockCmd
                0x08000680       0x54 obj\debug\spl\src\stm32f30x_rcc.o
                0x08000680                RCC_AHBPeriphClockCmd
 .text.RCC_APB2PeriphClockCmd
                0x080006d4       0x54 obj\debug\spl\src\stm32f30x_rcc.o
                0x080006d4                RCC_APB2PeriphClockCmd
 .text.RCC_APB1PeriphClockCmd
                0x08000728       0x54 obj\debug\spl\src\stm32f30x_rcc.o
                0x08000728                RCC_APB1PeriphClockCmd
 .text.RCC_APB2PeriphResetCmd
                0x0800077c       0x54 obj\debug\spl\src\stm32f30x_rcc.o
                0x0800077c                RCC_APB2PeriphResetCmd
 .text.RCC_APB1PeriphResetCmd
                0x080007d0       0x54 obj\debug\spl\src\stm32f30x_rcc.o
                0x080007d0                RCC_APB1PeriphResetCmd
 .text.SPI_I2S_DeInit
                0x08000824       0x88 obj\debug\spl\src\stm32f30x_spi.o
                0x08000824                SPI_I2S_DeInit
 .text.SPI_Init
                0x080008ac      0x118 obj\debug\spl\src\stm32f30x_spi.o
                0x080008ac                SPI_Init
 .text.SPI_Cmd  0x080009c4       0x40 obj\debug\spl\src\stm32f30x_spi.o
                0x080009c4                SPI_Cmd
 .text.SPI_RxFIFOThresholdConfig
                0x08000a04       0x38 obj\debug\spl\src\stm32f30x_spi.o
                0x08000a04                SPI_RxFIFOThresholdConfig
 .text.SPI_SendData8
                0x08000a3c       0x30 obj\debug\spl\src\stm32f30x_spi.o
                0x08000a3c                SPI_SendData8
 .text.SPI_ReceiveData8
                0x08000a6c       0x2c obj\debug\spl\src\stm32f30x_spi.o
                0x08000a6c                SPI_ReceiveData8
 .text.SPI_I2S_GetFlagStatus
                0x08000a98       0x40 obj\debug\spl\src\stm32f30x_spi.o
                0x08000a98                SPI_I2S_GetFlagStatus
 .text.SYSCFG_EXTILineConfig
                0x08000ad8       0xb0 obj\debug\spl\src\stm32f30x_syscfg.o
                0x08000ad8                SYSCFG_EXTILineConfig
 .text.GPIO_SetInput
                0x08000b88       0xa0 obj\debug\src\gpio.o
                0x08000b88                GPIO_SetInput
 .text.GPIO_SetOutput
                0x08000c28      0x12c obj\debug\src\gpio.o
                0x08000c28                GPIO_SetOutput
 .text.pvPortMalloc
                0x08000d54      0x164 obj\debug\src\rtos\heap_2.o
                0x08000d54                pvPortMalloc
 .text.vPortFree
                0x08000eb8       0x88 obj\debug\src\rtos\heap_2.o
                0x08000eb8                vPortFree
 .text.prvHeapInit
                0x08000f40       0x6c obj\debug\src\rtos\heap_2.o
 .text.vListInitialise
                0x08000fac       0x40 obj\debug\src\rtos\list.o
                0x08000fac                vListInitialise
 .text.vListInitialiseItem
                0x08000fec       0x1c obj\debug\src\rtos\list.o
                0x08000fec                vListInitialiseItem
 .text.vListInsertEnd
                0x08001008       0x48 obj\debug\src\rtos\list.o
                0x08001008                vListInsertEnd
 .text.vListInsert
                0x08001050       0x74 obj\debug\src\rtos\list.o
                0x08001050                vListInsert
 .text.uxListRemove
                0x080010c4       0x58 obj\debug\src\rtos\list.o
                0x080010c4                uxListRemove
 .text.pxPortInitialiseStack
                0x0800111c       0x74 obj\debug\src\rtos\port.o
                0x0800111c                pxPortInitialiseStack
 .text.prvTaskExitError
                0x08001190       0x20 obj\debug\src\rtos\port.o
 .text.SVC_Handler
                0x080011b0       0x20 obj\debug\src\rtos\port.o
                0x080011b0                SVC_Handler
 .text.prvPortStartFirstTask
                0x080011d0       0x20 obj\debug\src\rtos\port.o
 .text.xPortStartScheduler
                0x080011f0      0x128 obj\debug\src\rtos\port.o
                0x080011f0                xPortStartScheduler
 .text.vPortYield
                0x08001318       0x20 obj\debug\src\rtos\port.o
                0x08001318                vPortYield
 .text.vPortEnterCritical
                0x08001338       0x50 obj\debug\src\rtos\port.o
                0x08001338                vPortEnterCritical
 .text.vPortExitCritical
                0x08001388       0x48 obj\debug\src\rtos\port.o
                0x08001388                vPortExitCritical
 .text.ulPortSetInterruptMask
                0x080013d0       0x14 obj\debug\src\rtos\port.o
                0x080013d0                ulPortSetInterruptMask
 .text.vPortClearInterruptMask
                0x080013e4        0x8 obj\debug\src\rtos\port.o
                0x080013e4                vPortClearInterruptMask
 .text.PendSV_Handler
                0x080013ec       0x58 obj\debug\src\rtos\port.o
                0x080013ec                PendSV_Handler
 .text.SysTick_Handler
                0x08001444       0x2c obj\debug\src\rtos\port.o
                0x08001444                SysTick_Handler
 .text.vPortSetupTimerInterrupt
                0x08001470       0x40 obj\debug\src\rtos\port.o
                0x08001470                vPortSetupTimerInterrupt
 .text.vPortEnableVFP
                0x080014b0       0x14 obj\debug\src\rtos\port.o
 .text.vPortValidateInterruptPriority
                0x080014c4       0x64 obj\debug\src\rtos\port.o
                0x080014c4                vPortValidateInterruptPriority
 .text.xQueueGenericReset
                0x08001528       0xc0 obj\debug\src\rtos\queue.o
                0x08001528                xQueueGenericReset
 .text.xQueueGenericCreate
                0x080015e8       0x90 obj\debug\src\rtos\queue.o
                0x080015e8                xQueueGenericCreate
 .text.xQueueCreateMutex
                0x08001678       0xac obj\debug\src\rtos\queue.o
                0x08001678                xQueueCreateMutex
 .text.xQueueGenericSend
                0x08001724      0x1ac obj\debug\src\rtos\queue.o
                0x08001724                xQueueGenericSend
 .text.xQueueGenericSendFromISR
                0x080018d0       0xfc obj\debug\src\rtos\queue.o
                0x080018d0                xQueueGenericSendFromISR
 .text.xQueueGenericReceive
                0x080019cc      0x1dc obj\debug\src\rtos\queue.o
                0x080019cc                xQueueGenericReceive
 .text.prvCopyDataToQueue
                0x08001ba8       0xe8 obj\debug\src\rtos\queue.o
 .text.prvCopyDataFromQueue
                0x08001c90       0x50 obj\debug\src\rtos\queue.o
 .text.prvUnlockQueue
                0x08001ce0       0xa0 obj\debug\src\rtos\queue.o
 .text.prvIsQueueEmpty
                0x08001d80       0x34 obj\debug\src\rtos\queue.o
 .text.prvIsQueueFull
                0x08001db4       0x38 obj\debug\src\rtos\queue.o
 .text.vQueueAddToRegistry
                0x08001dec       0x64 obj\debug\src\rtos\queue.o
                0x08001dec                vQueueAddToRegistry
 .text.vQueueWaitForMessageRestricted
                0x08001e50       0x60 obj\debug\src\rtos\queue.o
                0x08001e50                vQueueWaitForMessageRestricted
 .text.xTaskGenericCreate
                0x08001eb0      0x1c0 obj\debug\src\rtos\tasks.o
                0x08001eb0                xTaskGenericCreate
 .text.vTaskDelayUntil
                0x08002070      0x104 obj\debug\src\rtos\tasks.o
                0x08002070                vTaskDelayUntil
 .text.vTaskDelay
                0x08002174       0xa4 obj\debug\src\rtos\tasks.o
                0x08002174                vTaskDelay
 .text.vTaskStartScheduler
                0x08002218       0x88 obj\debug\src\rtos\tasks.o
                0x08002218                vTaskStartScheduler
 .text.vTaskSuspendAll
                0x080022a0       0x24 obj\debug\src\rtos\tasks.o
                0x080022a0                vTaskSuspendAll
 .text.xTaskResumeAll
                0x080022c4      0x174 obj\debug\src\rtos\tasks.o
                0x080022c4                xTaskResumeAll
 .text.xTaskGetTickCount
                0x08002438       0x28 obj\debug\src\rtos\tasks.o
                0x08002438                xTaskGetTickCount
 .text.xTaskIncrementTick
                0x08002460      0x218 obj\debug\src\rtos\tasks.o
                0x08002460                xTaskIncrementTick
 .text.vTaskSwitchContext
                0x08002678      0x148 obj\debug\src\rtos\tasks.o
                0x08002678                vTaskSwitchContext
 .text.vTaskPlaceOnEventList
                0x080027c0       0xb8 obj\debug\src\rtos\tasks.o
                0x080027c0                vTaskPlaceOnEventList
 .text.vTaskPlaceOnEventListRestricted
                0x08002878       0x94 obj\debug\src\rtos\tasks.o
                0x08002878                vTaskPlaceOnEventListRestricted
 .text.xTaskRemoveFromEventList
                0x0800290c       0xe0 obj\debug\src\rtos\tasks.o
                0x0800290c                xTaskRemoveFromEventList
 .text.vTaskSetTimeOutState
                0x080029ec       0x38 obj\debug\src\rtos\tasks.o
                0x080029ec                vTaskSetTimeOutState
 .text.xTaskCheckForTimeOut
                0x08002a24       0xb0 obj\debug\src\rtos\tasks.o
                0x08002a24                xTaskCheckForTimeOut
 .text.vTaskMissedYield
                0x08002ad4       0x18 obj\debug\src\rtos\tasks.o
                0x08002ad4                vTaskMissedYield
 .text.prvIdleTask
                0x08002aec       0x24 obj\debug\src\rtos\tasks.o
 .text.prvInitialiseTCBVariables
                0x08002b10       0xa8 obj\debug\src\rtos\tasks.o
 .text.prvInitialiseTaskLists
                0x08002bb8       0xa4 obj\debug\src\rtos\tasks.o
 .text.prvCheckTasksWaitingTermination
                0x08002c5c       0x9c obj\debug\src\rtos\tasks.o
 .text.prvAddCurrentTaskToDelayedList
                0x08002cf8       0x8c obj\debug\src\rtos\tasks.o
 .text.prvAllocateTCBAndStack
                0x08002d84       0x70 obj\debug\src\rtos\tasks.o
 .text.prvDeleteTCB
                0x08002df4       0x20 obj\debug\src\rtos\tasks.o
 .text.prvResetNextTaskUnblockTime
                0x08002e14       0x5c obj\debug\src\rtos\tasks.o
 .text.xTaskGetSchedulerState
                0x08002e70       0x48 obj\debug\src\rtos\tasks.o
                0x08002e70                xTaskGetSchedulerState
 .text.vTaskPriorityInherit
                0x08002eb8      0x144 obj\debug\src\rtos\tasks.o
                0x08002eb8                vTaskPriorityInherit
 .text.xTaskPriorityDisinherit
                0x08002ffc      0x110 obj\debug\src\rtos\tasks.o
                0x08002ffc                xTaskPriorityDisinherit
 .text.pvTaskIncrementMutexHeldCount
                0x0800310c       0x38 obj\debug\src\rtos\tasks.o
                0x0800310c                pvTaskIncrementMutexHeldCount
 .text.xTimerCreateTimerTask
                0x08003144       0x6c obj\debug\src\rtos\timers.o
                0x08003144                xTimerCreateTimerTask
 .text.xTimerGenericCommand
                0x080031b0       0xac obj\debug\src\rtos\timers.o
                0x080031b0                xTimerGenericCommand
 .text.prvProcessExpiredTimer
                0x0800325c       0x7c obj\debug\src\rtos\timers.o
 .text.prvTimerTask
                0x080032d8       0x24 obj\debug\src\rtos\timers.o
 .text.prvProcessTimerOrBlockTask
                0x080032fc       0x74 obj\debug\src\rtos\timers.o
 .text.prvGetNextExpireTime
                0x08003370       0x54 obj\debug\src\rtos\timers.o
 .text.prvSampleTimeNow
                0x080033c4       0x4c obj\debug\src\rtos\timers.o
 .text.prvInsertTimerInActiveList
                0x08003410       0x94 obj\debug\src\rtos\timers.o
 .text.prvProcessReceivedCommands
                0x080034a4      0x124 obj\debug\src\rtos\timers.o
 .text.prvSwitchTimerLists
                0x080035c8       0xe4 obj\debug\src\rtos\timers.o
 .text.prvCheckForValidListAndQueue
                0x080036ac       0xb0 obj\debug\src\rtos\timers.o
 .text.TIM7_IRQHandler
                0x0800375c       0x5c obj\debug\src\delay.o
                0x0800375c                TIM7_IRQHandler
 .text.NVIC_EnableIRQ
                0x080037b8       0x38 obj\debug\src\hardware.o
 .text.NVIC_SetPriority
                0x080037f0       0x5c obj\debug\src\hardware.o
 .text.NVIC_EncodePriority
                0x0800384c       0x78 obj\debug\src\hardware.o
 .text.vhHardwareSetup
                0x080038c4      0x274 obj\debug\src\hardware.o
                0x080038c4                vhHardwareSetup
 .text.vhToggleLED
                0x08003b38       0x34 obj\debug\src\hardware.o
                0x08003b38                vhToggleLED
 .text.vUsartStartTx
                0x08003b6c       0x3c obj\debug\src\hardware.o
                0x08003b6c                vUsartStartTx
 .text.vUsartStopTx
                0x08003ba8       0x3c obj\debug\src\hardware.o
                0x08003ba8                vUsartStopTx
 .text.vUsartSendByte
                0x08003be4       0x24 obj\debug\src\hardware.o
                0x08003be4                vUsartSendByte
 .text.LSM303DLHC_TIMEOUT_UserCallback
                0x08003c08       0x10 obj\debug\src\hardware.o
                0x08003c08                LSM303DLHC_TIMEOUT_UserCallback
 .text.L3GD20_TIMEOUT_UserCallback
                0x08003c18       0x10 obj\debug\src\hardware.o
                0x08003c18                L3GD20_TIMEOUT_UserCallback
 .text.lsm303dlhcHardwareInit
                0x08003c28       0xf0 obj\debug\src\imu.o
 .text.l3g20HardwareInit
                0x08003d18      0x164 obj\debug\src\imu.o
 .text.lsm303dlhcWriteRegister
                0x08003e7c      0x1b0 obj\debug\src\imu.o
 .text.lsm303dlhcReadRegister
                0x0800402c      0x1f0 obj\debug\src\imu.o
 .text.l3gd20SendByte
                0x0800421c       0xb4 obj\debug\src\imu.o
 .text.l3gd20WriteRegister
                0x080042d0       0x70 obj\debug\src\imu.o
 .text.l3gd20ReadRegister
                0x08004340       0x80 obj\debug\src\imu.o
                0x08004340                l3gd20ReadRegister
 .text.accelerometerInit
                0x080043c0       0x78 obj\debug\src\imu.o
 .text.magnetometerInit
                0x08004438       0x7c obj\debug\src\imu.o
 .text.gyroInit
                0x080044b4       0x74 obj\debug\src\imu.o
 .text.imuReadAcceleration
                0x08004528       0xc4 obj\debug\src\imu.o
                0x08004528                imuReadAcceleration
 .text.imuReadMagneticField
                0x080045ec       0xdc obj\debug\src\imu.o
                0x080045ec                imuReadMagneticField
 .text.imuReadAngularRate
                0x080046c8       0xa0 obj\debug\src\imu.o
                0x080046c8                imuReadAngularRate
 .text.imuHardwareSetup
                0x08004768       0x14 obj\debug\src\imu.o
                0x08004768                imuHardwareSetup
 .text.vStartLEDBlinkTask
                0x0800477c       0x48 obj\debug\src\ledtask.o
                0x0800477c                vStartLEDBlinkTask
 .text.vLEDBlinkTask
                0x080047c4       0x38 obj\debug\src\ledtask.o
                0x080047c4                vLEDBlinkTask
 .text.main     0x080047fc       0x34 obj\debug\src\main.o
                0x080047fc                main
 .text.vApplicationTickHook
                0x08004830        0xc obj\debug\src\main.o
                0x08004830                vApplicationTickHook
 .text.vApplicationMallocFailedHook
                0x0800483c        0xc obj\debug\src\main.o
                0x0800483c                vApplicationMallocFailedHook
 .text.vApplicationIdleHook
                0x08004848        0xc obj\debug\src\main.o
                0x08004848                vApplicationIdleHook
 .text.vApplicationStackOverflowHook
                0x08004854       0x10 obj\debug\src\main.o
                0x08004854                vApplicationStackOverflowHook
 .text.vStartSensorTask
                0x08004864       0x5c obj\debug\src\sensortask.o
                0x08004864                vStartSensorTask
 .text.vSensorTask
                0x080048c0       0x84 obj\debug\src\sensortask.o
                0x080048c0                vSensorTask
 .text          0x08004944       0xe4 obj\debug\src\startup_stm32f30x.o
                0x08004944                Reset_Handler
                0x0800499c                WWDG_IRQHandler
                0x0800499e                PVD_IRQHandler
                0x080049a0                TAMPER_STAMP_IRQHandler
                0x080049a2                RTC_WKUP_IRQHandler
                0x080049a4                FLASH_IRQHandler
                0x080049a6                RCC_IRQHandler
                0x080049aa                EXTI1_IRQHandler
                0x080049ac                EXTI2_TS_IRQHandler
                0x080049ae                EXTI3_IRQHandler
                0x080049b0                EXTI4_IRQHandler
                0x080049b2                DMA1_Channel1_IRQHandler
                0x080049b4                DMA1_Channel2_IRQHandler
                0x080049b6                DMA1_Channel3_IRQHandler
                0x080049b8                DMA1_Channel4_IRQHandler
                0x080049ba                DMA1_Channel5_IRQHandler
                0x080049bc                DMA1_Channel6_IRQHandler
                0x080049be                DMA1_Channel7_IRQHandler
                0x080049c0                ADC1_2_IRQHandler
                0x080049c2                USB_HP_CAN1_TX_IRQHandler
                0x080049c4                USB_LP_CAN1_RX0_IRQHandler
                0x080049c6                CAN1_RX1_IRQHandler
                0x080049c8                CAN1_SCE_IRQHandler
                0x080049ca                EXTI9_5_IRQHandler
                0x080049cc                TIM1_BRK_TIM15_IRQHandler
                0x080049ce                TIM1_UP_TIM16_IRQHandler
                0x080049d0                TIM1_TRG_COM_TIM17_IRQHandler
                0x080049d2                TIM1_CC_IRQHandler
                0x080049d4                TIM2_IRQHandler
                0x080049d6                TIM3_IRQHandler
                0x080049d8                TIM4_IRQHandler
                0x080049da                I2C1_EV_IRQHandler
                0x080049dc                I2C1_ER_IRQHandler
                0x080049de                I2C2_EV_IRQHandler
                0x080049e0                I2C2_ER_IRQHandler
                0x080049e2                SPI1_IRQHandler
                0x080049e4                SPI2_IRQHandler
                0x080049e8                USART2_IRQHandler
                0x080049ea                USART3_IRQHandler
                0x080049ec                EXTI15_10_IRQHandler
                0x080049ee                RTC_Alarm_IRQHandler
                0x080049f0                USBWakeUp_IRQHandler
                0x080049f2                TIM8_BRK_IRQHandler
                0x080049f4                TIM8_UP_IRQHandler
                0x080049f6                TIM8_TRG_COM_IRQHandler
                0x080049f8                TIM8_CC_IRQHandler
                0x080049fa                ADC3_IRQHandler
                0x080049fc                SPI3_IRQHandler
                0x080049fe                UART4_IRQHandler
                0x08004a00                UART5_IRQHandler
                0x08004a02                TIM6_DAC_IRQHandler
                0x08004a06                DMA2_Channel1_IRQHandler
                0x08004a08                DMA2_Channel2_IRQHandler
                0x08004a0a                DMA2_Channel3_IRQHandler
                0x08004a0c                DMA2_Channel4_IRQHandler
                0x08004a0e                DMA2_Channel5_IRQHandler
                0x08004a10                ADC4_IRQHandler
                0x08004a12                COMP1_2_3_IRQHandler
                0x08004a14                COMP4_5_6_IRQHandler
                0x08004a16                COMP7_IRQHandler
                0x08004a18                USB_HP_IRQHandler
                0x08004a1a                USB_LP_IRQHandler
                0x08004a1c                USBWakeUp_RMP_IRQHandler
                0x08004a1e                FPU_IRQHandler
 .text.NMI_Handler
                0x08004a28        0xc obj\debug\src\stm32f30x_it.o
                0x08004a28                NMI_Handler
 .text.HardFault_Handler
                0x08004a34        0x8 obj\debug\src\stm32f30x_it.o
                0x08004a34                HardFault_Handler
 .text.MemManage_Handler
                0x08004a3c        0x8 obj\debug\src\stm32f30x_it.o
                0x08004a3c                MemManage_Handler
 .text.BusFault_Handler
                0x08004a44        0x8 obj\debug\src\stm32f30x_it.o
                0x08004a44                BusFault_Handler
 .text.UsageFault_Handler
                0x08004a4c        0x8 obj\debug\src\stm32f30x_it.o
                0x08004a4c                UsageFault_Handler
 .text.DebugMon_Handler
                0x08004a54        0xc obj\debug\src\stm32f30x_it.o
                0x08004a54                DebugMon_Handler
 .text.EXTI0_IRQHandler
                0x08004a60       0x9c obj\debug\src\stm32f30x_it.o
                0x08004a60                EXTI0_IRQHandler
 .text.USART1_IRQHandler
                0x08004afc      0x16c obj\debug\src\stm32f30x_it.o
                0x08004afc                USART1_IRQHandler
 .text.vStartSystemLEDTask
                0x08004c68       0x6c obj\debug\src\systemledtask.o
                0x08004c68                vStartSystemLEDTask
 .text.vSystemLEDTask
                0x08004cd4       0x54 obj\debug\src\systemledtask.o
                0x08004cd4                vSystemLEDTask
 .text.SystemInit
                0x08004d28       0xfc obj\debug\src\system_stm32f30x.o
                0x08004d28                SystemInit
 .text.SetSysClock
                0x08004e24      0x174 obj\debug\src\system_stm32f30x.o
 .text.setResponse
                0x08004f98       0x54 obj\debug\src\usartrxtask.o
 .text.vStartUsartRxTask
                0x08004fec       0x78 obj\debug\src\usartrxtask.o
                0x08004fec                vStartUsartRxTask
 .text.vUsartRxTask
                0x08005064      0x108 obj\debug\src\usartrxtask.o
                0x08005064                vUsartRxTask
 .text.exit     0x0800516c       0x28 c:/program files (x86)/emblocks/2.30/share/em_armgcc/bin/../lib/gcc/arm-none-eabi/4.7.3/../../../../arm-none-eabi/lib/armv7e-m/softfp\libc_n.a(lib_a-exit.o)
                0x0800516c                exit
 .text.__libc_init_array
                0x08005194       0x4c c:/program files (x86)/emblocks/2.30/share/em_armgcc/bin/../lib/gcc/arm-none-eabi/4.7.3/../../../../arm-none-eabi/lib/armv7e-m/softfp\libc_n.a(lib_a-init.o)
                0x08005194                __libc_init_array
 .text.memcmp   0x080051e0       0x20 c:/program files (x86)/emblocks/2.30/share/em_armgcc/bin/../lib/gcc/arm-none-eabi/4.7.3/../../../../arm-none-eabi/lib/armv7e-m/softfp\libc_n.a(lib_a-memcmp.o)
                0x080051e0                memcmp
 .text.memcpy   0x08005200       0x12 c:/program files (x86)/emblocks/2.30/share/em_armgcc/bin/../lib/gcc/arm-none-eabi/4.7.3/../../../../arm-none-eabi/lib/armv7e-m/softfp\libc_n.a(lib_a-memcpy-stub.o)
                0x08005200                memcpy
 .text.memset   0x08005212       0x10 c:/program files (x86)/emblocks/2.30/share/em_armgcc/bin/../lib/gcc/arm-none-eabi/4.7.3/../../../../arm-none-eabi/lib/armv7e-m/softfp\libc_n.a(lib_a-memset.o)
                0x08005212                memset
 *fill*         0x08005222        0x2 
 .text._exit    0x08005224        0x4 c:/program files (x86)/emblocks/2.30/share/em_armgcc/bin/../lib/gcc/arm-none-eabi/4.7.3/../../../../arm-none-eabi/lib/armv7e-m/softfp\libnosys.a(_exit.o)
                0x08005224                _exit
 *(.init)
 .init          0x08005228        0x4 c:/program files (x86)/emblocks/2.30/share/em_armgcc/bin/../lib/gcc/arm-none-eabi/4.7.3/armv7e-m/softfp/crti.o
                0x08005228                _init
 .init          0x0800522c        0x8 c:/program files (x86)/emblocks/2.30/share/em_armgcc/bin/../lib/gcc/arm-none-eabi/4.7.3/armv7e-m/softfp/crtn.o
 *(.fini)
 .fini          0x08005234        0x4 c:/program files (x86)/emblocks/2.30/share/em_armgcc/bin/../lib/gcc/arm-none-eabi/4.7.3/armv7e-m/softfp/crti.o
                0x08005234                _fini
 .fini          0x08005238        0x8 c:/program files (x86)/emblocks/2.30/share/em_armgcc/bin/../lib/gcc/arm-none-eabi/4.7.3/armv7e-m/softfp/crtn.o
 *crtbegin.o(.ctors)
 *crtbegin?.o(.ctors)
 *(EXCLUDE_FILE(*crtend.o *crtend?.o) .ctors)
 *(SORT(.ctors.*))
 *(.ctors)
 *crtbegin.o(.dtors)
 *crtbegin?.o(.dtors)
 *(EXCLUDE_FILE(*crtend.o *crtend?.o) .dtors)
 *(SORT(.dtors.*))
 *(.dtors)
 *(.rodata*)
 .rodata.heapSTRUCT_SIZE
                0x08005240        0x2 obj\debug\src\rtos\heap_2.o
 *fill*         0x08005242        0x2 
 .rodata.pcInterruptPriorityRegisters
                0x08005244        0x4 obj\debug\src\rtos\port.o
 .rodata        0x08005248        0x8 obj\debug\src\rtos\tasks.o
 .rodata.ucExpectedStackBytes.4879
                0x08005250       0x14 obj\debug\src\rtos\tasks.o
 .rodata        0x08005264       0x10 obj\debug\src\rtos\timers.o
 .rodata        0x08005274        0xc obj\debug\src\ledtask.o
 .rodata        0x08005280        0x8 obj\debug\src\sensortask.o
 .rodata        0x08005288        0xc obj\debug\src\systemledtask.o
 .rodata        0x08005294        0xc obj\debug\src\usartrxtask.o
 .rodata.str1.1
                0x080052a0        0x2 c:/program files (x86)/emblocks/2.30/share/em_armgcc/bin/../lib/gcc/arm-none-eabi/4.7.3/../../../../arm-none-eabi/lib/armv7e-m/softfp\libc_n.a(lib_a-impure.o)
 *fill*         0x080052a2        0x2 
 .rodata._global_impure_ptr
                0x080052a4        0x4 c:/program files (x86)/emblocks/2.30/share/em_armgcc/bin/../lib/gcc/arm-none-eabi/4.7.3/../../../../arm-none-eabi/lib/armv7e-m/softfp\libc_n.a(lib_a-impure.o)
                0x080052a4                _global_impure_ptr
 *(.eh_frame*)
 .eh_frame      0x080052a8        0x0 c:/program files (x86)/emblocks/2.30/share/em_armgcc/bin/../lib/gcc/arm-none-eabi/4.7.3/armv7e-m/softfp/crtbegin.o
 .eh_frame      0x080052a8        0x4 c:/program files (x86)/emblocks/2.30/share/em_armgcc/bin/../lib/gcc/arm-none-eabi/4.7.3/armv7e-m/softfp/crtend.o

.glue_7         0x080052ac        0x0
 .glue_7        0x00000000        0x0 linker stubs

.glue_7t        0x080052ac        0x0
 .glue_7t       0x00000000        0x0 linker stubs

.vfp11_veneer   0x080052ac        0x0
 .vfp11_veneer  0x00000000        0x0 linker stubs

.v4_bx          0x080052ac        0x0
 .v4_bx         0x00000000        0x0 linker stubs

.iplt           0x080052ac        0x0
 .iplt          0x00000000        0x0 c:/program files (x86)/emblocks/2.30/share/em_armgcc/bin/../lib/gcc/arm-none-eabi/4.7.3/armv7e-m/softfp/crtbegin.o

.ARM.extab
 *(.ARM.extab* .gnu.linkonce.armextab.*)
                0x080052ac                __exidx_start = .

.ARM.exidx      0x080052ac        0x8
 *(.ARM.exidx* .gnu.linkonce.armexidx.*)
 .ARM.exidx     0x080052ac        0x8 c:/program files (x86)/emblocks/2.30/share/em_armgcc/bin/../lib/gcc/arm-none-eabi/4.7.3/../../../../arm-none-eabi/lib/armv7e-m/softfp/crt0.o
                0x080052b4                __exidx_end = .
                0x080052b4                __etext = .

.rel.dyn        0x080052b4        0x0
 .rel.iplt      0x00000000        0x0 c:/program files (x86)/emblocks/2.30/share/em_armgcc/bin/../lib/gcc/arm-none-eabi/4.7.3/armv7e-m/softfp/crtbegin.o

.data           0x20000000       0x7c load address 0x080052b4
                0x20000000                __data_start__ = .
 *(vtable)
 *(.data*)
 .data.xFreeBytesRemaining
                0x20000000        0x4 obj\debug\src\rtos\heap_2.o
 .data.uxCriticalNesting
                0x20000004        0x4 obj\debug\src\rtos\port.o
 .data.xNextTaskUnblockTime
                0x20000008        0x4 obj\debug\src\rtos\tasks.o
 .data.uxBlinkRate
                0x2000000c        0x4 obj\debug\src\main.o
                0x2000000c                uxBlinkRate
 .data.SystemCoreClock
                0x20000010        0x4 obj\debug\src\system_stm32f30x.o
                0x20000010                SystemCoreClock
 .data.impure_data
                0x20000014       0x60 c:/program files (x86)/emblocks/2.30/share/em_armgcc/bin/../lib/gcc/arm-none-eabi/4.7.3/../../../../arm-none-eabi/lib/armv7e-m/softfp\libc_n.a(lib_a-impure.o)
                0x20000074                . = ALIGN (0x4)
                0x20000074                PROVIDE (__preinit_array_start, .)
 *(.preinit_array)
                0x20000074                PROVIDE (__preinit_array_end, .)
                0x20000074                . = ALIGN (0x4)
                0x20000074                PROVIDE (__init_array_start, .)
 *(SORT(.init_array.*))
 *(.init_array)
 .init_array    0x20000074        0x4 c:/program files (x86)/emblocks/2.30/share/em_armgcc/bin/../lib/gcc/arm-none-eabi/4.7.3/armv7e-m/softfp/crtbegin.o
                0x20000078                PROVIDE (__init_array_end, .)
                0x20000078                . = ALIGN (0x4)
                0x20000078                PROVIDE (__fini_array_start, .)
 *(SORT(.fini_array.*))
 *(.fini_array)
 .fini_array    0x20000078        0x4 c:/program files (x86)/emblocks/2.30/share/em_armgcc/bin/../lib/gcc/arm-none-eabi/4.7.3/armv7e-m/softfp/crtbegin.o
                0x2000007c                PROVIDE (__fini_array_end, .)
                0x2000007c                . = ALIGN (0x4)
                0x2000007c                __data_end__ = .

.jcr            0x2000007c        0x0 load address 0x08005330
 .jcr           0x2000007c        0x0 c:/program files (x86)/emblocks/2.30/share/em_armgcc/bin/../lib/gcc/arm-none-eabi/4.7.3/armv7e-m/softfp/crtbegin.o

.igot.plt       0x2000007c        0x0 load address 0x08005330
 .igot.plt      0x00000000        0x0 c:/program files (x86)/emblocks/2.30/share/em_armgcc/bin/../lib/gcc/arm-none-eabi/4.7.3/armv7e-m/softfp/crtbegin.o

.bss            0x2000007c     0x8e41 load address 0x08005330
                0x2000007c                __bss_start__ = .
 *(.bss*)
 .bss           0x2000007c       0x1c c:/program files (x86)/emblocks/2.30/share/em_armgcc/bin/../lib/gcc/arm-none-eabi/4.7.3/armv7e-m/softfp/crtbegin.o
 .bss.ucHeap    0x20000098     0x8c00 obj\debug\src\rtos\heap_2.o
 .bss.xStart    0x20008c98        0x8 obj\debug\src\rtos\heap_2.o
 .bss.xEnd      0x20008ca0        0x8 obj\debug\src\rtos\heap_2.o
 .bss.xHeapHasBeenInitialised.4578
                0x20008ca8        0x4 obj\debug\src\rtos\heap_2.o
 .bss.ucMaxSysCallPriority
                0x20008cac        0x1 obj\debug\src\rtos\port.o
 *fill*         0x20008cad        0x3 
 .bss.ulMaxPRIGROUPValue
                0x20008cb0        0x4 obj\debug\src\rtos\port.o
 .bss.pxCurrentTCB
                0x20008cb4        0x4 obj\debug\src\rtos\tasks.o
                0x20008cb4                pxCurrentTCB
 .bss.pxReadyTasksLists
                0x20008cb8       0x64 obj\debug\src\rtos\tasks.o
 .bss.xDelayedTaskList1
                0x20008d1c       0x14 obj\debug\src\rtos\tasks.o
 .bss.xDelayedTaskList2
                0x20008d30       0x14 obj\debug\src\rtos\tasks.o
 .bss.pxDelayedTaskList
                0x20008d44        0x4 obj\debug\src\rtos\tasks.o
 .bss.pxOverflowDelayedTaskList
                0x20008d48        0x4 obj\debug\src\rtos\tasks.o
 .bss.xPendingReadyList
                0x20008d4c       0x14 obj\debug\src\rtos\tasks.o
 .bss.xTasksWaitingTermination
                0x20008d60       0x14 obj\debug\src\rtos\tasks.o
 .bss.uxTasksDeleted
                0x20008d74        0x4 obj\debug\src\rtos\tasks.o
 .bss.xSuspendedTaskList
                0x20008d78       0x14 obj\debug\src\rtos\tasks.o
 .bss.uxCurrentNumberOfTasks
                0x20008d8c        0x4 obj\debug\src\rtos\tasks.o
 .bss.xTickCount
                0x20008d90        0x4 obj\debug\src\rtos\tasks.o
 .bss.uxTopReadyPriority
                0x20008d94        0x4 obj\debug\src\rtos\tasks.o
 .bss.xSchedulerRunning
                0x20008d98        0x4 obj\debug\src\rtos\tasks.o
 .bss.uxPendedTicks
                0x20008d9c        0x4 obj\debug\src\rtos\tasks.o
 .bss.xYieldPending
                0x20008da0        0x4 obj\debug\src\rtos\tasks.o
 .bss.xNumOfOverflows
                0x20008da4        0x4 obj\debug\src\rtos\tasks.o
 .bss.uxTaskNumber
                0x20008da8        0x4 obj\debug\src\rtos\tasks.o
 .bss.uxSchedulerSuspended
                0x20008dac        0x4 obj\debug\src\rtos\tasks.o
 .bss.xActiveTimerList1
                0x20008db0       0x14 obj\debug\src\rtos\timers.o
 .bss.xActiveTimerList2
                0x20008dc4       0x14 obj\debug\src\rtos\timers.o
 .bss.pxCurrentTimerList
                0x20008dd8        0x4 obj\debug\src\rtos\timers.o
 .bss.pxOverflowTimerList
                0x20008ddc        0x4 obj\debug\src\rtos\timers.o
 .bss.xTimerQueue
                0x20008de0        0x4 obj\debug\src\rtos\timers.o
 .bss.xLastTime.4816
                0x20008de4        0x4 obj\debug\src\rtos\timers.o
 .bss.delay_flag
                0x20008de8        0x1 obj\debug\src\delay.o
                0x20008de8                delay_flag
 *fill*         0x20008de9        0x3 
 .bss.xStatusSemaphore
                0x20008dec        0x4 obj\debug\src\main.o
                0x20008dec                xStatusSemaphore
 .bss.xFrameReceivedSemaphore
                0x20008df0        0x4 obj\debug\src\main.o
                0x20008df0                xFrameReceivedSemaphore
 .bss.xDataReadySemaphore
                0x20008df4        0x4 obj\debug\src\main.o
                0x20008df4                xDataReadySemaphore
 .bss.index.7304
                0x20008df8        0x1 obj\debug\src\stm32f30x_it.o
 *fill*         0x20008df9        0x3 
 .bss.button_state.7297
                0x20008dfc        0x4 obj\debug\src\stm32f30x_it.o
 *(COMMON)
 COMMON         0x20008e00       0x40 obj\debug\src\rtos\queue.o
                0x20008e00                xQueueRegistry
 COMMON         0x20008e40       0x54 obj\debug\src\main.o
                0x20008e40                xTxRequest
                0x20008e44                xUsartTxBuffer
                0x20008e48                board_status
                0x20008e80                xSensorTaskHandle
                0x20008e84                xLedTaskHandle
                0x20008e88                xUsartRxBuffer
                0x20008e8c                xUsartRxTaskHandle
                0x20008e90                xUsartTxTaskHandle
 COMMON         0x20008e94       0x29 obj\debug\src\usartrxtask.o
                0x20008e94                xFrame
                0x20008ebd                __bss_end__ = .

.heap           0x20008ec0        0x0
                0x20008ec0                __end__ = .
                0x20008ec0                end = __end__
 *(.heap*)
 .heap          0x20008ec0        0x0 obj\debug\src\startup_stm32f30x.o
                0x20008ec0                __HeapLimit = .

.stack_dummy    0x20008ec0      0x100
 *(.stack)
 .stack         0x20008ec0      0x100 obj\debug\src\startup_stm32f30x.o
                0x2000a000                __StackTop = (ORIGIN (RAM) + 0xa000)
                0x20009f00                __StackLimit = (__StackTop - SIZEOF (.stack_dummy))
                0x2000a000                PROVIDE (__stack, __StackTop)
                0x00000001                ASSERT ((__StackLimit >= __HeapLimit), region RAM overflowed with stack)
LOAD obj\debug\spl\src\stm32f30x_adc.o
LOAD obj\debug\spl\src\stm32f30x_can.o
LOAD obj\debug\spl\src\stm32f30x_comp.o
LOAD obj\debug\spl\src\stm32f30x_crc.o
LOAD obj\debug\spl\src\stm32f30x_dac.o
LOAD obj\debug\spl\src\stm32f30x_dbgmcu.o
LOAD obj\debug\spl\src\stm32f30x_dma.o
LOAD obj\debug\spl\src\stm32f30x_exti.o
LOAD obj\debug\spl\src\stm32f30x_flash.o
LOAD obj\debug\spl\src\stm32f30x_gpio.o
LOAD obj\debug\spl\src\stm32f30x_i2c.o
LOAD obj\debug\spl\src\stm32f30x_iwdg.o
LOAD obj\debug\spl\src\stm32f30x_misc.o
LOAD obj\debug\spl\src\stm32f30x_opamp.o
LOAD obj\debug\spl\src\stm32f30x_pwr.o
LOAD obj\debug\spl\src\stm32f30x_rcc.o
LOAD obj\debug\spl\src\stm32f30x_rtc.o
LOAD obj\debug\spl\src\stm32f30x_spi.o
LOAD obj\debug\spl\src\stm32f30x_syscfg.o
LOAD obj\debug\spl\src\stm32f30x_tim.o
LOAD obj\debug\spl\src\stm32f30x_usart.o
LOAD obj\debug\spl\src\stm32f30x_wwdg.o
LOAD obj\debug\src\gpio.o
LOAD obj\debug\src\hd44780.o
LOAD obj\debug\src\rcc.o
LOAD obj\debug\src\rtos\croutine.o
LOAD obj\debug\src\rtos\event_groups.o
LOAD obj\debug\src\rtos\heap_2.o
LOAD obj\debug\src\rtos\list.o
LOAD obj\debug\src\rtos\port.o
LOAD obj\debug\src\rtos\queue.o
LOAD obj\debug\src\rtos\tasks.o
LOAD obj\debug\src\rtos\timers.o
LOAD obj\debug\src\buttontask.o
LOAD obj\debug\src\delay.o
LOAD obj\debug\src\hardware.o
LOAD obj\debug\src\imu.o
LOAD obj\debug\src\kalman.o
LOAD obj\debug\src\ledtask.o
LOAD obj\debug\src\main.o
LOAD obj\debug\src\sensortask.o
LOAD obj\debug\src\startup_stm32f30x.o
LOAD obj\debug\src\stm32f30x_it.o
LOAD obj\debug\src\stm32f3_discovery.o
LOAD obj\debug\src\stm32f3_discovery_l3gd20.o
LOAD obj\debug\src\stm32f3_discovery_lsm303dlhc.o
LOAD obj\debug\src\systemledtask.o
LOAD obj\debug\src\system_stm32f30x.o
LOAD obj\debug\src\usartrxtask.o
LOAD obj\debug\src\usarttxtask.o
START GROUP
LOAD c:/program files (x86)/emblocks/2.30/share/em_armgcc/bin/../lib/gcc/arm-none-eabi/4.7.3/armv7e-m/softfp\libgcc.a
LOAD c:/program files (x86)/emblocks/2.30/share/em_armgcc/bin/../lib/gcc/arm-none-eabi/4.7.3/../../../../arm-none-eabi/lib/armv7e-m/softfp\libc_n.a
LOAD c:/program files (x86)/emblocks/2.30/share/em_armgcc/bin/../lib/gcc/arm-none-eabi/4.7.3/../../../../arm-none-eabi/lib/armv7e-m/softfp\libg_n.a
LOAD c:/program files (x86)/emblocks/2.30/share/em_armgcc/bin/../lib/gcc/arm-none-eabi/4.7.3/../../../../arm-none-eabi/lib/armv7e-m/softfp\libnosys.a
END GROUP
LOAD c:/program files (x86)/emblocks/2.30/share/em_armgcc/bin/../lib/gcc/arm-none-eabi/4.7.3/armv7e-m/softfp/crtend.o
LOAD c:/program files (x86)/emblocks/2.30/share/em_armgcc/bin/../lib/gcc/arm-none-eabi/4.7.3/armv7e-m/softfp/crtn.o
OUTPUT(bin\Debug\XplorerRTOS.elf elf32-littlearm)

.ARM.attributes
                0x00000000       0x2e
 .ARM.attributes
                0x00000000       0x22 c:/program files (x86)/emblocks/2.30/share/em_armgcc/bin/../lib/gcc/arm-none-eabi/4.7.3/armv7e-m/softfp/crti.o
 .ARM.attributes
                0x00000022       0x32 c:/program files (x86)/emblocks/2.30/share/em_armgcc/bin/../lib/gcc/arm-none-eabi/4.7.3/armv7e-m/softfp/crtbegin.o
 .ARM.attributes
                0x00000054       0x20 c:/program files (x86)/emblocks/2.30/share/em_armgcc/bin/../lib/gcc/arm-none-eabi/4.7.3/../../../../arm-none-eabi/lib/armv7e-m/softfp/crt0.o
 .ARM.attributes
                0x00000074       0x37 obj\debug\spl\src\stm32f30x_exti.o
 .ARM.attributes
                0x000000ab       0x37 obj\debug\spl\src\stm32f30x_gpio.o
 .ARM.attributes
                0x000000e2       0x37 obj\debug\spl\src\stm32f30x_i2c.o
 .ARM.attributes
                0x00000119       0x37 obj\debug\spl\src\stm32f30x_misc.o
 .ARM.attributes
                0x00000150       0x37 obj\debug\spl\src\stm32f30x_rcc.o
 .ARM.attributes
                0x00000187       0x37 obj\debug\spl\src\stm32f30x_spi.o
 .ARM.attributes
                0x000001be       0x37 obj\debug\spl\src\stm32f30x_syscfg.o
 .ARM.attributes
                0x000001f5       0x37 obj\debug\src\gpio.o
 .ARM.attributes
                0x0000022c       0x37 obj\debug\src\rtos\heap_2.o
 .ARM.attributes
                0x00000263       0x37 obj\debug\src\rtos\list.o
 .ARM.attributes
                0x0000029a       0x37 obj\debug\src\rtos\port.o
 .ARM.attributes
                0x000002d1       0x37 obj\debug\src\rtos\queue.o
 .ARM.attributes
                0x00000308       0x37 obj\debug\src\rtos\tasks.o
 .ARM.attributes
                0x0000033f       0x37 obj\debug\src\rtos\timers.o
 .ARM.attributes
                0x00000376       0x37 obj\debug\src\delay.o
 .ARM.attributes
                0x000003ad       0x37 obj\debug\src\hardware.o
 .ARM.attributes
                0x000003e4       0x37 obj\debug\src\imu.o
 .ARM.attributes
                0x0000041b       0x37 obj\debug\src\ledtask.o
 .ARM.attributes
                0x00000452       0x37 obj\debug\src\main.o
 .ARM.attributes
                0x00000489       0x37 obj\debug\src\sensortask.o
 .ARM.attributes
                0x000004c0       0x1f obj\debug\src\startup_stm32f30x.o
 .ARM.attributes
                0x000004df       0x37 obj\debug\src\stm32f30x_it.o
 .ARM.attributes
                0x00000516       0x37 obj\debug\src\systemledtask.o
 .ARM.attributes
                0x0000054d       0x37 obj\debug\src\system_stm32f30x.o
 .ARM.attributes
                0x00000584       0x37 obj\debug\src\usartrxtask.o
 .ARM.attributes
                0x000005bb       0x32 c:/program files (x86)/emblocks/2.30/share/em_armgcc/bin/../lib/gcc/arm-none-eabi/4.7.3/../../../../arm-none-eabi/lib/armv7e-m/softfp\libc_n.a(lib_a-exit.o)
 .ARM.attributes
                0x000005ed       0x32 c:/program files (x86)/emblocks/2.30/share/em_armgcc/bin/../lib/gcc/arm-none-eabi/4.7.3/../../../../arm-none-eabi/lib/armv7e-m/softfp\libc_n.a(lib_a-impure.o)
 .ARM.attributes
                0x0000061f       0x32 c:/program files (x86)/emblocks/2.30/share/em_armgcc/bin/../lib/gcc/arm-none-eabi/4.7.3/../../../../arm-none-eabi/lib/armv7e-m/softfp\libc_n.a(lib_a-init.o)
 .ARM.attributes
                0x00000651       0x32 c:/program files (x86)/emblocks/2.30/share/em_armgcc/bin/../lib/gcc/arm-none-eabi/4.7.3/../../../../arm-none-eabi/lib/armv7e-m/softfp\libc_n.a(lib_a-memcmp.o)
 .ARM.attributes
                0x00000683       0x32 c:/program files (x86)/emblocks/2.30/share/em_armgcc/bin/../lib/gcc/arm-none-eabi/4.7.3/../../../../arm-none-eabi/lib/armv7e-m/softfp\libc_n.a(lib_a-memcpy-stub.o)
 .ARM.attributes
                0x000006b5       0x32 c:/program files (x86)/emblocks/2.30/share/em_armgcc/bin/../lib/gcc/arm-none-eabi/4.7.3/../../../../arm-none-eabi/lib/armv7e-m/softfp\libc_n.a(lib_a-memset.o)
 .ARM.attributes
                0x000006e7       0x32 c:/program files (x86)/emblocks/2.30/share/em_armgcc/bin/../lib/gcc/arm-none-eabi/4.7.3/../../../../arm-none-eabi/lib/armv7e-m/softfp\libnosys.a(_exit.o)
 .ARM.attributes
                0x00000719       0x32 c:/program files (x86)/emblocks/2.30/share/em_armgcc/bin/../lib/gcc/arm-none-eabi/4.7.3/armv7e-m/softfp/crtend.o
 .ARM.attributes
                0x0000074b       0x22 c:/program files (x86)/emblocks/2.30/share/em_armgcc/bin/../lib/gcc/arm-none-eabi/4.7.3/armv7e-m/softfp/crtn.o

.comment        0x00000000       0x38
 .comment       0x00000000       0x38 obj\debug\spl\src\stm32f30x_exti.o
                                 0x39 (size before relaxing)
 .comment       0x00000000       0x39 obj\debug\spl\src\stm32f30x_gpio.o
 .comment       0x00000000       0x39 obj\debug\spl\src\stm32f30x_i2c.o
 .comment       0x00000000       0x39 obj\debug\spl\src\stm32f30x_misc.o
 .comment       0x00000000       0x39 obj\debug\spl\src\stm32f30x_rcc.o
 .comment       0x00000000       0x39 obj\debug\spl\src\stm32f30x_spi.o
 .comment       0x00000000       0x39 obj\debug\spl\src\stm32f30x_syscfg.o
 .comment       0x00000000       0x39 obj\debug\src\gpio.o
 .comment       0x00000000       0x39 obj\debug\src\rtos\heap_2.o
 .comment       0x00000000       0x39 obj\debug\src\rtos\list.o
 .comment       0x00000000       0x39 obj\debug\src\rtos\port.o
 .comment       0x00000000       0x39 obj\debug\src\rtos\queue.o
 .comment       0x00000000       0x39 obj\debug\src\rtos\tasks.o
 .comment       0x00000000       0x39 obj\debug\src\rtos\timers.o
 .comment       0x00000000       0x39 obj\debug\src\delay.o
 .comment       0x00000000       0x39 obj\debug\src\hardware.o
 .comment       0x00000000       0x39 obj\debug\src\imu.o
 .comment       0x00000000       0x39 obj\debug\src\ledtask.o
 .comment       0x00000000       0x39 obj\debug\src\main.o
 .comment       0x00000000       0x39 obj\debug\src\sensortask.o
 .comment       0x00000000       0x39 obj\debug\src\stm32f30x_it.o
 .comment       0x00000000       0x39 obj\debug\src\systemledtask.o
 .comment       0x00000000       0x39 obj\debug\src\system_stm32f30x.o
 .comment       0x00000000       0x39 obj\debug\src\usartrxtask.o

.debug_info     0x00000000     0xaa76
 .debug_info    0x00000000      0x40e obj\debug\spl\src\stm32f30x_exti.o
 .debug_info    0x0000040e      0x66f obj\debug\spl\src\stm32f30x_gpio.o
 .debug_info    0x00000a7d      0xce2 obj\debug\spl\src\stm32f30x_i2c.o
 .debug_info    0x0000175f      0x5bb obj\debug\spl\src\stm32f30x_misc.o
 .debug_info    0x00001d1a      0xbb5 obj\debug\spl\src\stm32f30x_rcc.o
 .debug_info    0x000028cf      0xc80 obj\debug\spl\src\stm32f30x_spi.o
 .debug_info    0x0000354f      0x422 obj\debug\spl\src\stm32f30x_syscfg.o
 .debug_info    0x00003971      0x348 obj\debug\src\gpio.o
 .debug_info    0x00003cb9      0x316 obj\debug\src\rtos\heap_2.o
 .debug_info    0x00003fcf      0x2d4 obj\debug\src\rtos\list.o
 .debug_info    0x000042a3      0x387 obj\debug\src\rtos\port.o
 .debug_info    0x0000462a      0xc95 obj\debug\src\rtos\queue.o
 .debug_info    0x000052bf     0x1421 obj\debug\src\rtos\tasks.o
 .debug_info    0x000066e0      0x868 obj\debug\src\rtos\timers.o
 .debug_info    0x00006f48      0x979 obj\debug\src\delay.o
 .debug_info    0x000078c1      0xddf obj\debug\src\hardware.o
 .debug_info    0x000086a0      0xab2 obj\debug\src\imu.o
 .debug_info    0x00009152      0x27b obj\debug\src\ledtask.o
 .debug_info    0x000093cd      0x351 obj\debug\src\main.o
 .debug_info    0x0000971e      0x21c obj\debug\src\sensortask.o
 .debug_info    0x0000993a       0x5e obj\debug\src\startup_stm32f30x.o
 .debug_info    0x00009998      0x5c2 obj\debug\src\stm32f30x_it.o
 .debug_info    0x00009f5a      0x2b8 obj\debug\src\systemledtask.o
 .debug_info    0x0000a212      0x527 obj\debug\src\system_stm32f30x.o
 .debug_info    0x0000a739      0x33d obj\debug\src\usartrxtask.o

.debug_abbrev   0x00000000     0x22e2
 .debug_abbrev  0x00000000      0x181 obj\debug\spl\src\stm32f30x_exti.o
 .debug_abbrev  0x00000181      0x19b obj\debug\spl\src\stm32f30x_gpio.o
 .debug_abbrev  0x0000031c      0x185 obj\debug\spl\src\stm32f30x_i2c.o
 .debug_abbrev  0x000004a1      0x12e obj\debug\spl\src\stm32f30x_misc.o
 .debug_abbrev  0x000005cf      0x1ea obj\debug\spl\src\stm32f30x_rcc.o
 .debug_abbrev  0x000007b9      0x190 obj\debug\spl\src\stm32f30x_spi.o
 .debug_abbrev  0x00000949      0x188 obj\debug\spl\src\stm32f30x_syscfg.o
 .debug_abbrev  0x00000ad1      0x10d obj\debug\src\gpio.o
 .debug_abbrev  0x00000bde      0x173 obj\debug\src\rtos\heap_2.o
 .debug_abbrev  0x00000d51       0xc3 obj\debug\src\rtos\list.o
 .debug_abbrev  0x00000e14      0x1ba obj\debug\src\rtos\port.o
 .debug_abbrev  0x00000fce      0x1bf obj\debug\src\rtos\queue.o
 .debug_abbrev  0x0000118d      0x28c obj\debug\src\rtos\tasks.o
 .debug_abbrev  0x00001419      0x18d obj\debug\src\rtos\timers.o
 .debug_abbrev  0x000015a6      0x16d obj\debug\src\delay.o
 .debug_abbrev  0x00001713      0x1f1 obj\debug\src\hardware.o
 .debug_abbrev  0x00001904      0x1c8 obj\debug\src\imu.o
 .debug_abbrev  0x00001acc       0xee obj\debug\src\ledtask.o
 .debug_abbrev  0x00001bba      0x128 obj\debug\src\main.o
 .debug_abbrev  0x00001ce2       0xcc obj\debug\src\sensortask.o
 .debug_abbrev  0x00001dae       0x14 obj\debug\src\startup_stm32f30x.o
 .debug_abbrev  0x00001dc2      0x172 obj\debug\src\stm32f30x_it.o
 .debug_abbrev  0x00001f34       0xf7 obj\debug\src\systemledtask.o
 .debug_abbrev  0x0000202b      0x16a obj\debug\src\system_stm32f30x.o
 .debug_abbrev  0x00002195      0x14d obj\debug\src\usartrxtask.o

.debug_loc      0x00000000     0x454e
 .debug_loc     0x00000000      0x1b4 obj\debug\spl\src\stm32f30x_exti.o
 .debug_loc     0x000001b4      0x2d8 obj\debug\spl\src\stm32f30x_gpio.o
 .debug_loc     0x0000048c      0x930 obj\debug\spl\src\stm32f30x_i2c.o
 .debug_loc     0x00000dbc      0x118 obj\debug\spl\src\stm32f30x_misc.o
 .debug_loc     0x00000ed4      0x864 obj\debug\spl\src\stm32f30x_rcc.o
 .debug_loc     0x00001738      0x702 obj\debug\spl\src\stm32f30x_spi.o
 .debug_loc     0x00001e3a      0x2f8 obj\debug\spl\src\stm32f30x_syscfg.o
 .debug_loc     0x00002132       0x70 obj\debug\src\gpio.o
 .debug_loc     0x000021a2      0x100 obj\debug\src\rtos\heap_2.o
 .debug_loc     0x000022a2      0x118 obj\debug\src\rtos\list.o
 .debug_loc     0x000023ba      0x1dc obj\debug\src\rtos\port.o
 .debug_loc     0x00002596      0x620 obj\debug\src\rtos\queue.o
 .debug_loc     0x00002bb6      0xa0c obj\debug\src\rtos\tasks.o
 .debug_loc     0x000035c2      0x33c obj\debug\src\rtos\timers.o
 .debug_loc     0x000038fe      0x100 obj\debug\src\delay.o
 .debug_loc     0x000039fe      0x2a8 obj\debug\src\hardware.o
 .debug_loc     0x00003ca6      0x304 obj\debug\src\imu.o
 .debug_loc     0x00003faa       0x70 obj\debug\src\ledtask.o
 .debug_loc     0x0000401a       0xf4 obj\debug\src\main.o
 .debug_loc     0x0000410e       0x70 obj\debug\src\sensortask.o
 .debug_loc     0x0000417e      0x21c obj\debug\src\stm32f30x_it.o
 .debug_loc     0x0000439a       0x70 obj\debug\src\systemledtask.o
 .debug_loc     0x0000440a       0x9c obj\debug\src\system_stm32f30x.o
 .debug_loc     0x000044a6       0xa8 obj\debug\src\usartrxtask.o

.debug_aranges  0x00000000      0xcc0
 .debug_aranges
                0x00000000       0x58 obj\debug\spl\src\stm32f30x_exti.o
 .debug_aranges
                0x00000058       0x80 obj\debug\spl\src\stm32f30x_gpio.o
 .debug_aranges
                0x000000d8      0x168 obj\debug\spl\src\stm32f30x_i2c.o
 .debug_aranges
                0x00000240       0x40 obj\debug\spl\src\stm32f30x_misc.o
 .debug_aranges
                0x00000280      0x150 obj\debug\spl\src\stm32f30x_rcc.o
 .debug_aranges
                0x000003d0      0x118 obj\debug\spl\src\stm32f30x_spi.o
 .debug_aranges
                0x000004e8       0x88 obj\debug\spl\src\stm32f30x_syscfg.o
 .debug_aranges
                0x00000570       0x28 obj\debug\src\gpio.o
 .debug_aranges
                0x00000598       0x40 obj\debug\src\rtos\heap_2.o
 .debug_aranges
                0x000005d8       0x40 obj\debug\src\rtos\list.o
 .debug_aranges
                0x00000618       0x98 obj\debug\src\rtos\port.o
 .debug_aranges
                0x000006b0       0xf8 obj\debug\src\rtos\queue.o
 .debug_aranges
                0x000007a8      0x190 obj\debug\src\rtos\tasks.o
 .debug_aranges
                0x00000938       0x90 obj\debug\src\rtos\timers.o
 .debug_aranges
                0x000009c8       0x40 obj\debug\src\delay.o
 .debug_aranges
                0x00000a08       0x80 obj\debug\src\hardware.o
 .debug_aranges
                0x00000a88       0x88 obj\debug\src\imu.o
 .debug_aranges
                0x00000b10       0x28 obj\debug\src\ledtask.o
 .debug_aranges
                0x00000b38       0x40 obj\debug\src\main.o
 .debug_aranges
                0x00000b78       0x28 obj\debug\src\sensortask.o
 .debug_aranges
                0x00000ba0       0x20 obj\debug\src\startup_stm32f30x.o
 .debug_aranges
                0x00000bc0       0x78 obj\debug\src\stm32f30x_it.o
 .debug_aranges
                0x00000c38       0x28 obj\debug\src\systemledtask.o
 .debug_aranges
                0x00000c60       0x30 obj\debug\src\system_stm32f30x.o
 .debug_aranges
                0x00000c90       0x30 obj\debug\src\usartrxtask.o

.debug_ranges   0x00000000      0xb20
 .debug_ranges  0x00000000       0x48 obj\debug\spl\src\stm32f30x_exti.o
 .debug_ranges  0x00000048       0x70 obj\debug\spl\src\stm32f30x_gpio.o
 .debug_ranges  0x000000b8      0x158 obj\debug\spl\src\stm32f30x_i2c.o
 .debug_ranges  0x00000210       0x30 obj\debug\spl\src\stm32f30x_misc.o
 .debug_ranges  0x00000240      0x140 obj\debug\spl\src\stm32f30x_rcc.o
 .debug_ranges  0x00000380      0x108 obj\debug\spl\src\stm32f30x_spi.o
 .debug_ranges  0x00000488       0x78 obj\debug\spl\src\stm32f30x_syscfg.o
 .debug_ranges  0x00000500       0x18 obj\debug\src\gpio.o
 .debug_ranges  0x00000518       0x30 obj\debug\src\rtos\heap_2.o
 .debug_ranges  0x00000548       0x30 obj\debug\src\rtos\list.o
 .debug_ranges  0x00000578       0x88 obj\debug\src\rtos\port.o
 .debug_ranges  0x00000600       0xe8 obj\debug\src\rtos\queue.o
 .debug_ranges  0x000006e8      0x180 obj\debug\src\rtos\tasks.o
 .debug_ranges  0x00000868       0x80 obj\debug\src\rtos\timers.o
 .debug_ranges  0x000008e8       0x30 obj\debug\src\delay.o
 .debug_ranges  0x00000918       0x70 obj\debug\src\hardware.o
 .debug_ranges  0x00000988       0x78 obj\debug\src\imu.o
 .debug_ranges  0x00000a00       0x18 obj\debug\src\ledtask.o
 .debug_ranges  0x00000a18       0x30 obj\debug\src\main.o
 .debug_ranges  0x00000a48       0x18 obj\debug\src\sensortask.o
 .debug_ranges  0x00000a60       0x68 obj\debug\src\stm32f30x_it.o
 .debug_ranges  0x00000ac8       0x18 obj\debug\src\systemledtask.o
 .debug_ranges  0x00000ae0       0x20 obj\debug\src\system_stm32f30x.o
 .debug_ranges  0x00000b00       0x20 obj\debug\src\usartrxtask.o

.debug_macro    0x00000000     0x4a01
 .debug_macro   0x00000000      0x180 obj\debug\spl\src\stm32f30x_exti.o
 .debug_macro   0x00000180      0x10e obj\debug\spl\src\stm32f30x_exti.o
 .debug_macro   0x0000028e      0x17a obj\debug\spl\src\stm32f30x_gpio.o
 .debug_macro   0x00000408      0x1b0 obj\debug\spl\src\stm32f30x_gpio.o
 .debug_macro   0x000005b8      0x198 obj\debug\spl\src\stm32f30x_i2c.o
 .debug_macro   0x00000750      0x294 obj\debug\spl\src\stm32f30x_i2c.o
 .debug_macro   0x000009e4      0x180 obj\debug\spl\src\stm32f30x_misc.o
 .debug_macro   0x00000b64       0x83 obj\debug\spl\src\stm32f30x_misc.o
 .debug_macro   0x00000be7      0x217 obj\debug\spl\src\stm32f30x_rcc.o
 .debug_macro   0x00000dfe      0x5c0 obj\debug\spl\src\stm32f30x_rcc.o
 .debug_macro   0x000013be      0x18f obj\debug\spl\src\stm32f30x_spi.o
 .debug_macro   0x0000154d      0x3a5 obj\debug\spl\src\stm32f30x_spi.o
 .debug_macro   0x000018f2      0x1aa obj\debug\spl\src\stm32f30x_syscfg.o
 .debug_macro   0x00001a9c      0x1d9 obj\debug\spl\src\stm32f30x_syscfg.o
 .debug_macro   0x00001c75      0x17f obj\debug\src\gpio.o
 .debug_macro   0x00001df4       0x82 obj\debug\src\gpio.o
 .debug_macro   0x00001e76      0x157 obj\debug\src\rtos\heap_2.o
 .debug_macro   0x00001fcd      0x12a obj\debug\src\rtos\list.o
 .debug_macro   0x000020f7      0x157 obj\debug\src\rtos\port.o
 .debug_macro   0x0000224e      0x1b5 obj\debug\src\rtos\queue.o
 .debug_macro   0x00002403      0x2a6 obj\debug\src\rtos\queue.o
 .debug_macro   0x000026a9       0x10 obj\debug\src\rtos\queue.o
 .debug_macro   0x000026b9       0x35 obj\debug\src\rtos\queue.o
 .debug_macro   0x000026ee       0xb0 obj\debug\src\rtos\queue.o
 .debug_macro   0x0000279e      0x1f1 obj\debug\src\rtos\tasks.o
 .debug_macro   0x0000298f       0x17 obj\debug\src\rtos\tasks.o
 .debug_macro   0x000029a6      0x167 obj\debug\src\rtos\timers.o
 .debug_macro   0x00002b0d      0x180 obj\debug\src\delay.o
 .debug_macro   0x00002c8d      0x1b1 obj\debug\src\hardware.o
 .debug_macro   0x00002e3e      0x197 obj\debug\src\imu.o
 .debug_macro   0x00002fd5      0x311 obj\debug\src\imu.o
 .debug_macro   0x000032e6       0x34 obj\debug\src\imu.o
 .debug_macro   0x0000331a      0x221 obj\debug\src\ledtask.o
 .debug_macro   0x0000353b      0x362 obj\debug\src\main.o
 .debug_macro   0x0000389d       0x16 obj\debug\src\main.o
 .debug_macro   0x000038b3       0x97 obj\debug\src\main.o
 .debug_macro   0x0000394a       0x10 obj\debug\src\main.o
 .debug_macro   0x0000395a       0xf5 obj\debug\src\main.o
 .debug_macro   0x00003a4f       0x10 obj\debug\src\main.o
 .debug_macro   0x00003a5f       0x22 obj\debug\src\main.o
 .debug_macro   0x00003a81       0xbd obj\debug\src\main.o
 .debug_macro   0x00003b3e       0x16 obj\debug\src\main.o
 .debug_macro   0x00003b54      0x14a obj\debug\src\main.o
 .debug_macro   0x00003c9e       0x46 obj\debug\src\main.o
 .debug_macro   0x00003ce4      0x31f obj\debug\src\sensortask.o
 .debug_macro   0x00004003      0x225 obj\debug\src\stm32f30x_it.o
 .debug_macro   0x00004228      0x12c obj\debug\src\stm32f30x_it.o
 .debug_macro   0x00004354      0x245 obj\debug\src\systemledtask.o
 .debug_macro   0x00004599      0x17c obj\debug\src\system_stm32f30x.o
 .debug_macro   0x00004715      0x2ec obj\debug\src\usartrxtask.o

.debug_line     0x00000000     0x99f8
 .debug_line    0x00000000      0x567 obj\debug\spl\src\stm32f30x_exti.o
 .debug_line    0x00000567      0x5ce obj\debug\spl\src\stm32f30x_gpio.o
 .debug_line    0x00000b35      0x819 obj\debug\spl\src\stm32f30x_i2c.o
 .debug_line    0x0000134e      0x502 obj\debug\spl\src\stm32f30x_misc.o
 .debug_line    0x00001850      0x83b obj\debug\spl\src\stm32f30x_rcc.o
 .debug_line    0x0000208b      0x790 obj\debug\spl\src\stm32f30x_spi.o
 .debug_line    0x0000281b      0x5b2 obj\debug\spl\src\stm32f30x_syscfg.o
 .debug_line    0x00002dcd      0x4dc obj\debug\src\gpio.o
 .debug_line    0x000032a9      0x409 obj\debug\src\rtos\heap_2.o
 .debug_line    0x000036b2      0x3c2 obj\debug\src\rtos\list.o
 .debug_line    0x00003a74      0x483 obj\debug\src\rtos\port.o
 .debug_line    0x00003ef7      0x9d2 obj\debug\src\rtos\queue.o
 .debug_line    0x000048c9      0xcb4 obj\debug\src\rtos\tasks.o
 .debug_line    0x0000557d      0x58e obj\debug\src\rtos\timers.o
 .debug_line    0x00005b0b      0x50c obj\debug\src\delay.o
 .debug_line    0x00006017      0x658 obj\debug\src\hardware.o
 .debug_line    0x0000666f      0x74e obj\debug\src\imu.o
 .debug_line    0x00006dbd      0x5bd obj\debug\src\ledtask.o
 .debug_line    0x0000737a      0x6fe obj\debug\src\main.o
 .debug_line    0x00007a78      0x678 obj\debug\src\sensortask.o
 .debug_line    0x000080f0       0xbb obj\debug\src\startup_stm32f30x.o
 .debug_line    0x000081ab      0x6af obj\debug\src\stm32f30x_it.o
 .debug_line    0x0000885a      0x5eb obj\debug\src\systemledtask.o
 .debug_line    0x00008e45      0x52b obj\debug\src\system_stm32f30x.o
 .debug_line    0x00009370      0x688 obj\debug\src\usartrxtask.o

.debug_str      0x00000000    0x61b75
 .debug_str     0x00000000    0x51d1b obj\debug\spl\src\stm32f30x_exti.o
                              0x51e8b (size before relaxing)
 .debug_str     0x00051d1b      0x2bf obj\debug\spl\src\stm32f30x_gpio.o
                              0x51f88 (size before relaxing)
 .debug_str     0x00051fda      0x516 obj\debug\spl\src\stm32f30x_i2c.o
                              0x521f2 (size before relaxing)
 .debug_str     0x000524f0      0x238 obj\debug\spl\src\stm32f30x_misc.o
                              0x51ee1 (size before relaxing)
 .debug_str     0x00052728      0xa51 obj\debug\spl\src\stm32f30x_rcc.o
                              0x5273c (size before relaxing)
 .debug_str     0x00053179      0x4d9 obj\debug\spl\src\stm32f30x_spi.o
                              0x52319 (size before relaxing)
 .debug_str     0x00053652      0x3ba obj\debug\spl\src\stm32f30x_syscfg.o
                              0x52061 (size before relaxing)
 .debug_str     0x00053a0c      0x308 obj\debug\src\gpio.o
                              0x51fdf (size before relaxing)
 .debug_str     0x00053d14     0x43d8 obj\debug\src\rtos\heap_2.o
                               0x71dd (size before relaxing)
 .debug_str     0x000580ec      0x127 obj\debug\src\rtos\list.o
                               0x6b99 (size before relaxing)
 .debug_str     0x00058213      0x786 obj\debug\src\rtos\port.o
                               0x628e (size before relaxing)
 .debug_str     0x00058999     0x2013 obj\debug\src\rtos\queue.o
                               0x8f89 (size before relaxing)
 .debug_str     0x0005a9ac     0x1a2b obj\debug\src\rtos\tasks.o
                               0x9976 (size before relaxing)
 .debug_str     0x0005c3d7      0x39a obj\debug\src\rtos\timers.o
                               0x851a (size before relaxing)
 .debug_str     0x0005c771      0x4fe obj\debug\src\delay.o
                              0x522d3 (size before relaxing)
 .debug_str     0x0005cc6f     0x3236 obj\debug\src\hardware.o
                              0x55770 (size before relaxing)
 .debug_str     0x0005fea5      0x21b obj\debug\src\imu.o
                              0x54f80 (size before relaxing)
 .debug_str     0x000600c0       0x64 obj\debug\src\ledtask.o
                              0x57bf8 (size before relaxing)
 .debug_str     0x00060124     0x1663 obj\debug\src\main.o
                              0x5b66b (size before relaxing)
 .debug_str     0x00061787       0xb2 obj\debug\src\sensortask.o
                              0x5acc3 (size before relaxing)
 .debug_str     0x00061839      0x13e obj\debug\src\stm32f30x_it.o
                              0x5875f (size before relaxing)
 .debug_str     0x00061977       0xc0 obj\debug\src\systemledtask.o
                              0x58e5e (size before relaxing)
 .debug_str     0x00061a37       0x99 obj\debug\src\system_stm32f30x.o
                              0x51e1e (size before relaxing)
 .debug_str     0x00061ad0       0xa5 obj\debug\src\usartrxtask.o
                              0x5a3a5 (size before relaxing)

.debug_frame    0x00000000     0x27a4
 .debug_frame   0x00000000       0xec obj\debug\spl\src\stm32f30x_exti.o
 .debug_frame   0x000000ec      0x180 obj\debug\spl\src\stm32f30x_gpio.o
 .debug_frame   0x0000026c      0x4ac obj\debug\spl\src\stm32f30x_i2c.o
 .debug_frame   0x00000718       0x9c obj\debug\spl\src\stm32f30x_misc.o
 .debug_frame   0x000007b4      0x44c obj\debug\spl\src\stm32f30x_rcc.o
 .debug_frame   0x00000c00      0x398 obj\debug\spl\src\stm32f30x_spi.o
 .debug_frame   0x00000f98      0x194 obj\debug\spl\src\stm32f30x_syscfg.o
 .debug_frame   0x0000112c       0x48 obj\debug\src\gpio.o
 .debug_frame   0x00001174       0x9c obj\debug\src\rtos\heap_2.o
 .debug_frame   0x00001210       0x9c obj\debug\src\rtos\list.o
 .debug_frame   0x000012ac      0x188 obj\debug\src\rtos\port.o
 .debug_frame   0x00001434      0x37c obj\debug\src\rtos\queue.o
 .debug_frame   0x000017b0      0x5b0 obj\debug\src\rtos\tasks.o
 .debug_frame   0x00001d60      0x1e0 obj\debug\src\rtos\timers.o
 .debug_frame   0x00001f40       0x98 obj\debug\src\delay.o
 .debug_frame   0x00001fd8      0x17c obj\debug\src\hardware.o
 .debug_frame   0x00002154      0x1cc obj\debug\src\imu.o
 .debug_frame   0x00002320       0x50 obj\debug\src\ledtask.o
 .debug_frame   0x00002370       0x9c obj\debug\src\main.o
 .debug_frame   0x0000240c       0x50 obj\debug\src\sensortask.o
 .debug_frame   0x0000245c      0x13c obj\debug\src\stm32f30x_it.o
 .debug_frame   0x00002598       0x50 obj\debug\src\systemledtask.o
 .debug_frame   0x000025e8       0x64 obj\debug\src\system_stm32f30x.o
 .debug_frame   0x0000264c       0x70 obj\debug\src\usartrxtask.o
 .debug_frame   0x000026bc       0x28 c:/program files (x86)/emblocks/2.30/share/em_armgcc/bin/../lib/gcc/arm-none-eabi/4.7.3/../../../../arm-none-eabi/lib/armv7e-m/softfp\libc_n.a(lib_a-exit.o)
 .debug_frame   0x000026e4       0x2c c:/program files (x86)/emblocks/2.30/share/em_armgcc/bin/../lib/gcc/arm-none-eabi/4.7.3/../../../../arm-none-eabi/lib/armv7e-m/softfp\libc_n.a(lib_a-init.o)
 .debug_frame   0x00002710       0x2c c:/program files (x86)/emblocks/2.30/share/em_armgcc/bin/../lib/gcc/arm-none-eabi/4.7.3/../../../../arm-none-eabi/lib/armv7e-m/softfp\libc_n.a(lib_a-memcmp.o)
 .debug_frame   0x0000273c       0x28 c:/program files (x86)/emblocks/2.30/share/em_armgcc/bin/../lib/gcc/arm-none-eabi/4.7.3/../../../../arm-none-eabi/lib/armv7e-m/softfp\libc_n.a(lib_a-memcpy-stub.o)
 .debug_frame   0x00002764       0x20 c:/program files (x86)/emblocks/2.30/share/em_armgcc/bin/../lib/gcc/arm-none-eabi/4.7.3/../../../../arm-none-eabi/lib/armv7e-m/softfp\libc_n.a(lib_a-memset.o)
 .debug_frame   0x00002784       0x20 c:/program files (x86)/emblocks/2.30/share/em_armgcc/bin/../lib/gcc/arm-none-eabi/4.7.3/../../../../arm-none-eabi/lib/armv7e-m/softfp\libnosys.a(_exit.o)
