Archive member included because of file (symbol)

c:/program files (x86)/emblocks/2.30/share/em_armgcc/bin/../lib/gcc/arm-none-eabi/4.7.3/../../../../arm-none-eabi/lib/armv7e-m/softfp\libc_n.a(lib_a-exit.o)
                              c:/program files (x86)/emblocks/2.30/share/em_armgcc/bin/../lib/gcc/arm-none-eabi/4.7.3/../../../../arm-none-eabi/lib/armv7e-m/softfp/crt0.o (exit)
c:/program files (x86)/emblocks/2.30/share/em_armgcc/bin/../lib/gcc/arm-none-eabi/4.7.3/../../../../arm-none-eabi/lib/armv7e-m/softfp\libc_n.a(lib_a-impure.o)
                              c:/program files (x86)/emblocks/2.30/share/em_armgcc/bin/../lib/gcc/arm-none-eabi/4.7.3/../../../../arm-none-eabi/lib/armv7e-m/softfp\libc_n.a(lib_a-exit.o) (_global_impure_ptr)
c:/program files (x86)/emblocks/2.30/share/em_armgcc/bin/../lib/gcc/arm-none-eabi/4.7.3/../../../../arm-none-eabi/lib/armv7e-m/softfp\libc_n.a(lib_a-init.o)
                              c:/program files (x86)/emblocks/2.30/share/em_armgcc/bin/../lib/gcc/arm-none-eabi/4.7.3/../../../../arm-none-eabi/lib/armv7e-m/softfp/crt0.o (__libc_init_array)
c:/program files (x86)/emblocks/2.30/share/em_armgcc/bin/../lib/gcc/arm-none-eabi/4.7.3/../../../../arm-none-eabi/lib/armv7e-m/softfp\libc_n.a(lib_a-memcmp.o)
                              obj\debug\src\rtos\tasks.o (memcmp)
c:/program files (x86)/emblocks/2.30/share/em_armgcc/bin/../lib/gcc/arm-none-eabi/4.7.3/../../../../arm-none-eabi/lib/armv7e-m/softfp\libc_n.a(lib_a-memcpy-stub.o)
                              obj\debug\src\rtos\queue.o (memcpy)
c:/program files (x86)/emblocks/2.30/share/em_armgcc/bin/../lib/gcc/arm-none-eabi/4.7.3/../../../../arm-none-eabi/lib/armv7e-m/softfp\libc_n.a(lib_a-memset.o)
                              c:/program files (x86)/emblocks/2.30/share/em_armgcc/bin/../lib/gcc/arm-none-eabi/4.7.3/../../../../arm-none-eabi/lib/armv7e-m/softfp/crt0.o (memset)
c:/program files (x86)/emblocks/2.30/share/em_armgcc/bin/../lib/gcc/arm-none-eabi/4.7.3/../../../../arm-none-eabi/lib/armv7e-m/softfp\libnosys.a(_exit.o)
                              c:/program files (x86)/emblocks/2.30/share/em_armgcc/bin/../lib/gcc/arm-none-eabi/4.7.3/../../../../arm-none-eabi/lib/armv7e-m/softfp\libc_n.a(lib_a-exit.o) (_exit)

Allocating common symbols
Common symbol       size              file

xFrame              0x15              obj\debug\src\usartrxtask.o
xTxRequest          0x4               obj\debug\src\main.o
xQueueRegistry      0x40              obj\debug\src\rtos\queue.o
xUsartTxBuffer      0x4               obj\debug\src\main.o
CPU_Freq            0x1               obj\debug\src\rcc.o
board_status        0x34              obj\debug\src\main.o
xSensorTaskHandle   0x4               obj\debug\src\main.o
xLedTaskHandle      0x4               obj\debug\src\main.o
xUsartRxBuffer      0x4               obj\debug\src\main.o
xUsartRxTaskHandle  0x4               obj\debug\src\main.o
xUsartTxTaskHandle  0x4               obj\debug\src\main.o

Discarded input sections

 .text          0x00000000        0x0 c:/program files (x86)/emblocks/2.30/share/em_armgcc/bin/../lib/gcc/arm-none-eabi/4.7.3/armv7e-m/softfp/crti.o
 .data          0x00000000        0x0 c:/program files (x86)/emblocks/2.30/share/em_armgcc/bin/../lib/gcc/arm-none-eabi/4.7.3/armv7e-m/softfp/crti.o
 .bss           0x00000000        0x0 c:/program files (x86)/emblocks/2.30/share/em_armgcc/bin/../lib/gcc/arm-none-eabi/4.7.3/armv7e-m/softfp/crti.o
 .data          0x00000000        0x4 c:/program files (x86)/emblocks/2.30/share/em_armgcc/bin/../lib/gcc/arm-none-eabi/4.7.3/armv7e-m/softfp/crtbegin.o
 .data          0x00000000        0x0 c:/program files (x86)/emblocks/2.30/share/em_armgcc/bin/../lib/gcc/arm-none-eabi/4.7.3/../../../../arm-none-eabi/lib/armv7e-m/softfp/crt0.o
 .bss           0x00000000        0x0 c:/program files (x86)/emblocks/2.30/share/em_armgcc/bin/../lib/gcc/arm-none-eabi/4.7.3/../../../../arm-none-eabi/lib/armv7e-m/softfp/crt0.o
 .ARM.extab     0x00000000        0x0 c:/program files (x86)/emblocks/2.30/share/em_armgcc/bin/../lib/gcc/arm-none-eabi/4.7.3/../../../../arm-none-eabi/lib/armv7e-m/softfp/crt0.o
 .group         0x00000000        0x8 obj\debug\spl\src\stm32f30x_adc.o
 .group         0x00000000        0x8 obj\debug\spl\src\stm32f30x_adc.o
 .group         0x00000000        0x8 obj\debug\spl\src\stm32f30x_adc.o
 .group         0x00000000        0x8 obj\debug\spl\src\stm32f30x_adc.o
 .group         0x00000000        0x8 obj\debug\spl\src\stm32f30x_adc.o
 .group         0x00000000        0x8 obj\debug\spl\src\stm32f30x_adc.o
 .group         0x00000000        0x8 obj\debug\spl\src\stm32f30x_adc.o
 .group         0x00000000        0x8 obj\debug\spl\src\stm32f30x_adc.o
 .group         0x00000000        0x8 obj\debug\spl\src\stm32f30x_adc.o
 .group         0x00000000        0x8 obj\debug\spl\src\stm32f30x_adc.o
 .group         0x00000000        0x8 obj\debug\spl\src\stm32f30x_adc.o
[...]
Memory Configuration

Name             Origin             Length             Attributes
ROM              0x08000000         0x00040000         xr
RAM              0x20000000         0x0000a000         xrw
CCRAM            0x10000000         0x00002000         xrw
*default*        0x00000000         0xffffffff

Linker script and memory map

LOAD c:/program files (x86)/emblocks/2.30/share/em_armgcc/bin/../lib/gcc/arm-none-eabi/4.7.3/armv7e-m/softfp/crti.o
LOAD c:/program files (x86)/emblocks/2.30/share/em_armgcc/bin/../lib/gcc/arm-none-eabi/4.7.3/armv7e-m/softfp/crtbegin.o
LOAD c:/program files (x86)/emblocks/2.30/share/em_armgcc/bin/../lib/gcc/arm-none-eabi/4.7.3/../../../../arm-none-eabi/lib/armv7e-m/softfp/crt0.o
                0x00000000                __HEAP_SIZE = 0x0
                0x00000100                __STACK_SIZE = 0x100

.text           0x08000000     0x4ef8
 *(.isr_vector)
 .isr_vector    0x08000000      0x188 obj\debug\src\startup_stm32f30x.o
                0x08000000                __isr_vector
 *(.text*)
 .text          0x08000188       0x54 c:/program files (x86)/emblocks/2.30/share/em_armgcc/bin/../lib/gcc/arm-none-eabi/4.7.3/armv7e-m/softfp/crtbegin.o
 .text          0x080001dc       0x74 c:/program files (x86)/emblocks/2.30/share/em_armgcc/bin/../lib/gcc/arm-none-eabi/4.7.3/../../../../arm-none-eabi/lib/armv7e-m/softfp/crt0.o
                0x080001dc                _start
                0x080001dc                _mainCRTStartup
 .text.EXTI_ClearITPendingBit
                0x08000250       0x38 obj\debug\spl\src\stm32f30x_exti.o
                0x08000250                EXTI_ClearITPendingBit
 .text.GPIO_Init
                0x08000288      0x150 obj\debug\spl\src\stm32f30x_gpio.o
                0x08000288                GPIO_Init
 .text.GPIO_SetBits
                0x080003d8       0x1c obj\debug\spl\src\stm32f30x_gpio.o
                0x080003d8                GPIO_SetBits
 .text.GPIO_ResetBits
                0x080003f4       0x1c obj\debug\spl\src\stm32f30x_gpio.o
                0x080003f4                GPIO_ResetBits
 .text.GPIO_PinAFConfig
                0x08000410       0xa8 obj\debug\spl\src\stm32f30x_gpio.o
                0x08000410                GPIO_PinAFConfig
 .text.I2C_Init
                0x080004b8       0xd0 obj\debug\spl\src\stm32f30x_i2c.o
                0x080004b8                I2C_Init
 .text.I2C_Cmd  0x08000588       0x38 obj\debug\spl\src\stm32f30x_i2c.o
                0x08000588                I2C_Cmd
 .text.I2C_TransferHandling
                0x080005c0       0x60 obj\debug\spl\src\stm32f30x_i2c.o
                0x080005c0                I2C_TransferHandling
 .text.I2C_SendData
                0x08000620       0x1c obj\debug\spl\src\stm32f30x_i2c.o
                0x08000620                I2C_SendData
 .text.NVIC_PriorityGroupConfig
                0x0800063c       0x28 obj\debug\spl\src\stm32f30x_misc.o
                0x0800063c                NVIC_PriorityGroupConfig
 .text.RCC_AHBPeriphClockCmd
                0x08000664       0x54 obj\debug\spl\src\stm32f30x_rcc.o
                0x08000664                RCC_AHBPeriphClockCmd
 .text.RCC_APB2PeriphClockCmd
                0x080006b8       0x54 obj\debug\spl\src\stm32f30x_rcc.o
                0x080006b8                RCC_APB2PeriphClockCmd
 .text.RCC_APB1PeriphClockCmd
                0x0800070c       0x54 obj\debug\spl\src\stm32f30x_rcc.o
                0x0800070c                RCC_APB1PeriphClockCmd
 .text.RCC_APB2PeriphResetCmd
                0x08000760       0x54 obj\debug\spl\src\stm32f30x_rcc.o
                0x08000760                RCC_APB2PeriphResetCmd
 .text.RCC_APB1PeriphResetCmd
                0x080007b4       0x54 obj\debug\spl\src\stm32f30x_rcc.o
                0x080007b4                RCC_APB1PeriphResetCmd
 .text.SPI_I2S_DeInit
                0x08000808       0x88 obj\debug\spl\src\stm32f30x_spi.o
                0x08000808                SPI_I2S_DeInit
 .text.SPI_Init
                0x08000890      0x118 obj\debug\spl\src\stm32f30x_spi.o
                0x08000890                SPI_Init
 .text.SPI_Cmd  0x080009a8       0x40 obj\debug\spl\src\stm32f30x_spi.o
                0x080009a8                SPI_Cmd
 .text.SPI_RxFIFOThresholdConfig
                0x080009e8       0x38 obj\debug\spl\src\stm32f30x_spi.o
                0x080009e8                SPI_RxFIFOThresholdConfig
 .text.SPI_SendData8
                0x08000a20       0x30 obj\debug\spl\src\stm32f30x_spi.o
                0x08000a20                SPI_SendData8
 .text.SPI_ReceiveData8
                0x08000a50       0x2c obj\debug\spl\src\stm32f30x_spi.o
                0x08000a50                SPI_ReceiveData8
 .text.SPI_I2S_GetFlagStatus
                0x08000a7c       0x40 obj\debug\spl\src\stm32f30x_spi.o
                0x08000a7c                SPI_I2S_GetFlagStatus
 .text.SYSCFG_EXTILineConfig
                0x08000abc       0xb0 obj\debug\spl\src\stm32f30x_syscfg.o
                0x08000abc                SYSCFG_EXTILineConfig
 .text.GPIO_SetInput
                0x08000b6c       0xa0 obj\debug\src\gpio.o
                0x08000b6c                GPIO_SetInput
 .text.GPIO_SetOutput
                0x08000c0c      0x12c obj\debug\src\gpio.o
                0x08000c0c                GPIO_SetOutput
 .text.pvPortMalloc
                0x08000d38      0x164 obj\debug\src\rtos\heap_2.o
                0x08000d38                pvPortMalloc
 .text.vPortFree
                0x08000e9c       0x88 obj\debug\src\rtos\heap_2.o
                0x08000e9c                vPortFree
 .text.prvHeapInit
                0x08000f24       0x6c obj\debug\src\rtos\heap_2.o
 .text.vListInitialise
                0x08000f90       0x40 obj\debug\src\rtos\list.o
                0x08000f90                vListInitialise
 .text.vListInitialiseItem
                0x08000fd0       0x1c obj\debug\src\rtos\list.o
                0x08000fd0                vListInitialiseItem
 .text.vListInsertEnd
                0x08000fec       0x48 obj\debug\src\rtos\list.o
                0x08000fec                vListInsertEnd
 .text.vListInsert
                0x08001034       0x74 obj\debug\src\rtos\list.o
                0x08001034                vListInsert
 .text.uxListRemove
                0x080010a8       0x58 obj\debug\src\rtos\list.o
                0x080010a8                uxListRemove
 .text.pxPortInitialiseStack
                0x08001100       0x74 obj\debug\src\rtos\port.o
                0x08001100                pxPortInitialiseStack
 .text.prvTaskExitError
                0x08001174       0x20 obj\debug\src\rtos\port.o
 .text.SVC_Handler
                0x08001194       0x20 obj\debug\src\rtos\port.o
                0x08001194                SVC_Handler
 .text.prvPortStartFirstTask
                0x080011b4       0x20 obj\debug\src\rtos\port.o
 .text.xPortStartScheduler
                0x080011d4      0x128 obj\debug\src\rtos\port.o
                0x080011d4                xPortStartScheduler
 .text.vPortYield
                0x080012fc       0x20 obj\debug\src\rtos\port.o
                0x080012fc                vPortYield
 .text.vPortEnterCritical
                0x0800131c       0x50 obj\debug\src\rtos\port.o
                0x0800131c                vPortEnterCritical
 .text.vPortExitCritical
                0x0800136c       0x48 obj\debug\src\rtos\port.o
                0x0800136c                vPortExitCritical
 .text.ulPortSetInterruptMask
                0x080013b4       0x14 obj\debug\src\rtos\port.o
                0x080013b4                ulPortSetInterruptMask
 .text.vPortClearInterruptMask
                0x080013c8        0x8 obj\debug\src\rtos\port.o
                0x080013c8                vPortClearInterruptMask
 .text.PendSV_Handler
                0x080013d0       0x58 obj\debug\src\rtos\port.o
                0x080013d0                PendSV_Handler
 .text.SysTick_Handler
                0x08001428       0x2c obj\debug\src\rtos\port.o
                0x08001428                SysTick_Handler
 .text.vPortSetupTimerInterrupt
                0x08001454       0x40 obj\debug\src\rtos\port.o
                0x08001454                vPortSetupTimerInterrupt
 .text.vPortEnableVFP
                0x08001494       0x14 obj\debug\src\rtos\port.o
 .text.vPortValidateInterruptPriority
                0x080014a8       0x64 obj\debug\src\rtos\port.o
                0x080014a8                vPortValidateInterruptPriority
 .text.xQueueGenericReset
                0x0800150c       0xc0 obj\debug\src\rtos\queue.o
                0x0800150c                xQueueGenericReset
 .text.xQueueGenericCreate
                0x080015cc       0x90 obj\debug\src\rtos\queue.o
                0x080015cc                xQueueGenericCreate
 .text.xQueueGenericSend
                0x0800165c      0x1ac obj\debug\src\rtos\queue.o
                0x0800165c                xQueueGenericSend
 .text.xQueueGenericSendFromISR
                0x08001808       0xfc obj\debug\src\rtos\queue.o
                0x08001808                xQueueGenericSendFromISR
 .text.xQueueGenericReceive
                0x08001904      0x1dc obj\debug\src\rtos\queue.o
                0x08001904                xQueueGenericReceive
 .text.prvCopyDataToQueue
                0x08001ae0       0xe8 obj\debug\src\rtos\queue.o
 .text.prvCopyDataFromQueue
                0x08001bc8       0x50 obj\debug\src\rtos\queue.o
 .text.prvUnlockQueue
                0x08001c18       0xa0 obj\debug\src\rtos\queue.o
 .text.prvIsQueueEmpty
                0x08001cb8       0x34 obj\debug\src\rtos\queue.o
 .text.prvIsQueueFull
                0x08001cec       0x38 obj\debug\src\rtos\queue.o
 .text.vQueueAddToRegistry
                0x08001d24       0x64 obj\debug\src\rtos\queue.o
                0x08001d24                vQueueAddToRegistry
 .text.vQueueWaitForMessageRestricted
                0x08001d88       0x60 obj\debug\src\rtos\queue.o
                0x08001d88                vQueueWaitForMessageRestricted
 .text.xTaskGenericCreate
                0x08001de8      0x1c0 obj\debug\src\rtos\tasks.o
                0x08001de8                xTaskGenericCreate
 .text.vTaskDelayUntil
                0x08001fa8      0x104 obj\debug\src\rtos\tasks.o
                0x08001fa8                vTaskDelayUntil
 .text.vTaskDelay
                0x080020ac       0xa4 obj\debug\src\rtos\tasks.o
                0x080020ac                vTaskDelay
 .text.eTaskGetState
                0x08002150       0xb4 obj\debug\src\rtos\tasks.o
                0x08002150                eTaskGetState
 .text.vTaskSuspend
                0x08002204      0x130 obj\debug\src\rtos\tasks.o
                0x08002204                vTaskSuspend
 .text.prvTaskIsTaskSuspended
                0x08002334       0x74 obj\debug\src\rtos\tasks.o
 .text.vTaskResume
                0x080023a8       0xb8 obj\debug\src\rtos\tasks.o
                0x080023a8                vTaskResume
 .text.vTaskStartScheduler
                0x08002460       0x88 obj\debug\src\rtos\tasks.o
                0x08002460                vTaskStartScheduler
 .text.vTaskSuspendAll
                0x080024e8       0x24 obj\debug\src\rtos\tasks.o
                0x080024e8                vTaskSuspendAll
 .text.xTaskResumeAll
                0x0800250c      0x174 obj\debug\src\rtos\tasks.o
                0x0800250c                xTaskResumeAll
 .text.xTaskGetTickCount
                0x08002680       0x28 obj\debug\src\rtos\tasks.o
                0x08002680                xTaskGetTickCount
 .text.xTaskIncrementTick
                0x080026a8      0x218 obj\debug\src\rtos\tasks.o
                0x080026a8                xTaskIncrementTick
 .text.vTaskSwitchContext
                0x080028c0      0x148 obj\debug\src\rtos\tasks.o
                0x080028c0                vTaskSwitchContext
 .text.vTaskPlaceOnEventList
                0x08002a08       0xb8 obj\debug\src\rtos\tasks.o
                0x08002a08                vTaskPlaceOnEventList
 .text.vTaskPlaceOnEventListRestricted
                0x08002ac0       0x94 obj\debug\src\rtos\tasks.o
                0x08002ac0                vTaskPlaceOnEventListRestricted
 .text.xTaskRemoveFromEventList
                0x08002b54       0xe0 obj\debug\src\rtos\tasks.o
                0x08002b54                xTaskRemoveFromEventList
 .text.vTaskSetTimeOutState
                0x08002c34       0x38 obj\debug\src\rtos\tasks.o
                0x08002c34                vTaskSetTimeOutState
 .text.xTaskCheckForTimeOut
                0x08002c6c       0xb0 obj\debug\src\rtos\tasks.o
                0x08002c6c                xTaskCheckForTimeOut
 .text.vTaskMissedYield
                0x08002d1c       0x18 obj\debug\src\rtos\tasks.o
                0x08002d1c                vTaskMissedYield
 .text.prvIdleTask
                0x08002d34       0x24 obj\debug\src\rtos\tasks.o
 .text.prvInitialiseTCBVariables
                0x08002d58       0xa8 obj\debug\src\rtos\tasks.o
 .text.prvInitialiseTaskLists
                0x08002e00       0xa4 obj\debug\src\rtos\tasks.o
 .text.prvCheckTasksWaitingTermination
                0x08002ea4       0x9c obj\debug\src\rtos\tasks.o
 .text.prvAddCurrentTaskToDelayedList
                0x08002f40       0x8c obj\debug\src\rtos\tasks.o
 .text.prvAllocateTCBAndStack
                0x08002fcc       0x70 obj\debug\src\rtos\tasks.o
 .text.prvDeleteTCB
                0x0800303c       0x20 obj\debug\src\rtos\tasks.o
 .text.prvResetNextTaskUnblockTime
                0x0800305c       0x5c obj\debug\src\rtos\tasks.o
 .text.xTaskGetSchedulerState
                0x080030b8       0x48 obj\debug\src\rtos\tasks.o
                0x080030b8                xTaskGetSchedulerState
 .text.vTaskPriorityInherit
                0x08003100      0x144 obj\debug\src\rtos\tasks.o
                0x08003100                vTaskPriorityInherit
 .text.xTaskPriorityDisinherit
                0x08003244      0x110 obj\debug\src\rtos\tasks.o
                0x08003244                xTaskPriorityDisinherit
 .text.pvTaskIncrementMutexHeldCount
                0x08003354       0x38 obj\debug\src\rtos\tasks.o
                0x08003354                pvTaskIncrementMutexHeldCount
 .text.xTimerCreateTimerTask
                0x0800338c       0x6c obj\debug\src\rtos\timers.o
                0x0800338c                xTimerCreateTimerTask
 .text.xTimerGenericCommand
                0x080033f8       0xac obj\debug\src\rtos\timers.o
                0x080033f8                xTimerGenericCommand
 .text.prvProcessExpiredTimer
                0x080034a4       0x7c obj\debug\src\rtos\timers.o
 .text.prvTimerTask
                0x08003520       0x24 obj\debug\src\rtos\timers.o
 .text.prvProcessTimerOrBlockTask
                0x08003544       0x74 obj\debug\src\rtos\timers.o
 .text.prvGetNextExpireTime
                0x080035b8       0x54 obj\debug\src\rtos\timers.o
 .text.prvSampleTimeNow
                0x0800360c       0x4c obj\debug\src\rtos\timers.o
 .text.prvInsertTimerInActiveList
                0x08003658       0x94 obj\debug\src\rtos\timers.o
 .text.prvProcessReceivedCommands
                0x080036ec      0x124 obj\debug\src\rtos\timers.o
 .text.prvSwitchTimerLists
                0x08003810       0xe4 obj\debug\src\rtos\timers.o
 .text.prvCheckForValidListAndQueue
                0x080038f4       0xb0 obj\debug\src\rtos\timers.o
 .text.vStartButtonTask
                0x080039a4       0x6c obj\debug\src\buttontask.o
                0x080039a4                vStartButtonTask
 .text.vButtonTask
                0x08003a10       0xe4 obj\debug\src\buttontask.o
                0x08003a10                vButtonTask
 .text.TIM7_IRQHandler
                0x08003af4       0x5c obj\debug\src\delay.o
                0x08003af4                TIM7_IRQHandler
 .text.NVIC_EnableIRQ
                0x08003b50       0x38 obj\debug\src\hardware.o
 .text.NVIC_SetPriority
                0x08003b88       0x5c obj\debug\src\hardware.o
 .text.NVIC_EncodePriority
                0x08003be4       0x78 obj\debug\src\hardware.o
 .text.vhHardwareSetup
                0x08003c5c      0x28c obj\debug\src\hardware.o
                0x08003c5c                vhHardwareSetup
 .text.vhToggleLED
                0x08003ee8       0x34 obj\debug\src\hardware.o
                0x08003ee8                vhToggleLED
 .text.L3GD20_TIMEOUT_UserCallback
                0x08003f1c       0x10 obj\debug\src\hardware.o
                0x08003f1c                L3GD20_TIMEOUT_UserCallback
 .text.lsm303dlhcHardwareInit
                0x08003f2c       0xf0 obj\debug\src\imu.o
 .text.l3g20HardwareInit
                0x0800401c      0x164 obj\debug\src\imu.o
 .text.lsm303dlhcWriteRegister
                0x08004180      0x1b0 obj\debug\src\imu.o
 .text.l3gd20SendByte
                0x08004330       0xb4 obj\debug\src\imu.o
 .text.l3gd20WriteRegister
                0x080043e4       0x70 obj\debug\src\imu.o
 .text.accelerometerInit
                0x08004454       0x78 obj\debug\src\imu.o
 .text.magnetometerInit
                0x080044cc       0x7c obj\debug\src\imu.o
 .text.gyroInit
                0x08004548       0x74 obj\debug\src\imu.o
 .text.imuHardwareSetup
                0x080045bc       0x14 obj\debug\src\imu.o
                0x080045bc                imuHardwareSetup
 .text.vStartLEDBlinkTask
                0x080045d0       0x48 obj\debug\src\ledtask.o
                0x080045d0                vStartLEDBlinkTask
 .text.vLEDBlinkTask
                0x08004618       0x38 obj\debug\src\ledtask.o
                0x08004618                vLEDBlinkTask
 .text.main     0x08004650       0x34 obj\debug\src\main.o
                0x08004650                main
 .text.vApplicationTickHook
                0x08004684        0xc obj\debug\src\main.o
                0x08004684                vApplicationTickHook
 .text.vApplicationMallocFailedHook
                0x08004690        0xc obj\debug\src\main.o
                0x08004690                vApplicationMallocFailedHook
 .text.vApplicationIdleHook
                0x0800469c        0xc obj\debug\src\main.o
                0x0800469c                vApplicationIdleHook
 .text.vApplicationStackOverflowHook
                0x080046a8       0x10 obj\debug\src\main.o
                0x080046a8                vApplicationStackOverflowHook
 .text          0x080046b8       0xe4 obj\debug\src\startup_stm32f30x.o
                0x080046b8                Reset_Handler
                0x08004710                WWDG_IRQHandler
                0x08004712                PVD_IRQHandler
                0x08004714                TAMPER_STAMP_IRQHandler
                0x08004716                RTC_WKUP_IRQHandler
                0x08004718                FLASH_IRQHandler
                0x0800471a                RCC_IRQHandler
                0x0800471e                EXTI1_IRQHandler
                0x08004720                EXTI2_TS_IRQHandler
                0x08004722                EXTI3_IRQHandler
                0x08004724                EXTI4_IRQHandler
                0x08004726                DMA1_Channel1_IRQHandler
                0x08004728                DMA1_Channel2_IRQHandler
                0x0800472a                DMA1_Channel3_IRQHandler
                0x0800472c                DMA1_Channel4_IRQHandler
                0x0800472e                DMA1_Channel5_IRQHandler
                0x08004730                DMA1_Channel6_IRQHandler
                0x08004732                DMA1_Channel7_IRQHandler
                0x08004734                ADC1_2_IRQHandler
                0x08004736                USB_HP_CAN1_TX_IRQHandler
                0x08004738                USB_LP_CAN1_RX0_IRQHandler
                0x0800473a                CAN1_RX1_IRQHandler
                0x0800473c                CAN1_SCE_IRQHandler
                0x0800473e                EXTI9_5_IRQHandler
                0x08004740                TIM1_BRK_TIM15_IRQHandler
                0x08004742                TIM1_UP_TIM16_IRQHandler
                0x08004744                TIM1_TRG_COM_TIM17_IRQHandler
                0x08004746                TIM1_CC_IRQHandler
                0x08004748                TIM2_IRQHandler
                0x0800474a                TIM3_IRQHandler
                0x0800474c                TIM4_IRQHandler
                0x0800474e                I2C1_EV_IRQHandler
                0x08004750                I2C1_ER_IRQHandler
                0x08004752                I2C2_EV_IRQHandler
                0x08004754                I2C2_ER_IRQHandler
                0x08004756                SPI1_IRQHandler
                0x08004758                SPI2_IRQHandler
                0x0800475c                USART2_IRQHandler
                0x0800475e                USART3_IRQHandler
                0x08004760                EXTI15_10_IRQHandler
                0x08004762                RTC_Alarm_IRQHandler
                0x08004764                USBWakeUp_IRQHandler
                0x08004766                TIM8_BRK_IRQHandler
                0x08004768                TIM8_UP_IRQHandler
                0x0800476a                TIM8_TRG_COM_IRQHandler
                0x0800476c                TIM8_CC_IRQHandler
                0x0800476e                ADC3_IRQHandler
                0x08004770                SPI3_IRQHandler
                0x08004772                UART4_IRQHandler
                0x08004774                UART5_IRQHandler
                0x08004776                TIM6_DAC_IRQHandler
                0x0800477a                DMA2_Channel1_IRQHandler
                0x0800477c                DMA2_Channel2_IRQHandler
                0x0800477e                DMA2_Channel3_IRQHandler
                0x08004780                DMA2_Channel4_IRQHandler
                0x08004782                DMA2_Channel5_IRQHandler
                0x08004784                ADC4_IRQHandler
                0x08004786                COMP1_2_3_IRQHandler
                0x08004788                COMP4_5_6_IRQHandler
                0x0800478a                COMP7_IRQHandler
                0x0800478c                USB_HP_IRQHandler
                0x0800478e                USB_LP_IRQHandler
                0x08004790                USBWakeUp_RMP_IRQHandler
                0x08004792                FPU_IRQHandler
 .text.NMI_Handler
                0x0800479c        0xc obj\debug\src\stm32f30x_it.o
                0x0800479c                NMI_Handler
 .text.HardFault_Handler
                0x080047a8        0x8 obj\debug\src\stm32f30x_it.o
                0x080047a8                HardFault_Handler
 .text.MemManage_Handler
                0x080047b0        0x8 obj\debug\src\stm32f30x_it.o
                0x080047b0                MemManage_Handler
 .text.BusFault_Handler
                0x080047b8        0x8 obj\debug\src\stm32f30x_it.o
                0x080047b8                BusFault_Handler
 .text.UsageFault_Handler
                0x080047c0        0x8 obj\debug\src\stm32f30x_it.o
                0x080047c0                UsageFault_Handler
 .text.DebugMon_Handler
                0x080047c8        0xc obj\debug\src\stm32f30x_it.o
                0x080047c8                DebugMon_Handler
 .text.EXTI0_IRQHandler
                0x080047d4       0x50 obj\debug\src\stm32f30x_it.o
                0x080047d4                EXTI0_IRQHandler
 .text.USART1_IRQHandler
                0x08004824       0xc4 obj\debug\src\stm32f30x_it.o
                0x08004824                USART1_IRQHandler
 .text.vStartSystemLEDTask
                0x080048e8       0x6c obj\debug\src\systemledtask.o
                0x080048e8                vStartSystemLEDTask
 .text.vSystemLEDTask
                0x08004954       0x54 obj\debug\src\systemledtask.o
                0x08004954                vSystemLEDTask
 .text.SystemInit
                0x080049a8       0xfc obj\debug\src\system_stm32f30x.o
                0x080049a8                SystemInit
 .text.SetSysClock
                0x08004aa4      0x174 obj\debug\src\system_stm32f30x.o
 .text.setResponse
                0x08004c18       0x34 obj\debug\src\usartrxtask.o
 .text.vStartUsartRxTask
                0x08004c4c       0x78 obj\debug\src\usartrxtask.o
                0x08004c4c                vStartUsartRxTask
 .text.vUsartRxTask
                0x08004cc4       0xf4 obj\debug\src\usartrxtask.o
                0x08004cc4                vUsartRxTask
 .text.exit     0x08004db8       0x28 c:/program files (x86)/emblocks/2.30/share/em_armgcc/bin/../lib/gcc/arm-none-eabi/4.7.3/../../../../arm-none-eabi/lib/armv7e-m/softfp\libc_n.a(lib_a-exit.o)
                0x08004db8                exit
 .text.__libc_init_array
                0x08004de0       0x4c c:/program files (x86)/emblocks/2.30/share/em_armgcc/bin/../lib/gcc/arm-none-eabi/4.7.3/../../../../arm-none-eabi/lib/armv7e-m/softfp\libc_n.a(lib_a-init.o)
                0x08004de0                __libc_init_array
 .text.memcmp   0x08004e2c       0x20 c:/program files (x86)/emblocks/2.30/share/em_armgcc/bin/../lib/gcc/arm-none-eabi/4.7.3/../../../../arm-none-eabi/lib/armv7e-m/softfp\libc_n.a(lib_a-memcmp.o)
                0x08004e2c                memcmp
 .text.memcpy   0x08004e4c       0x12 c:/program files (x86)/emblocks/2.30/share/em_armgcc/bin/../lib/gcc/arm-none-eabi/4.7.3/../../../../arm-none-eabi/lib/armv7e-m/softfp\libc_n.a(lib_a-memcpy-stub.o)
                0x08004e4c                memcpy
 .text.memset   0x08004e5e       0x10 c:/program files (x86)/emblocks/2.30/share/em_armgcc/bin/../lib/gcc/arm-none-eabi/4.7.3/../../../../arm-none-eabi/lib/armv7e-m/softfp\libc_n.a(lib_a-memset.o)
                0x08004e5e                memset
 *fill*         0x08004e6e        0x2 
 .text._exit    0x08004e70        0x4 c:/program files (x86)/emblocks/2.30/share/em_armgcc/bin/../lib/gcc/arm-none-eabi/4.7.3/../../../../arm-none-eabi/lib/armv7e-m/softfp\libnosys.a(_exit.o)
                0x08004e70                _exit
 *(.init)
 .init          0x08004e74        0x4 c:/program files (x86)/emblocks/2.30/share/em_armgcc/bin/../lib/gcc/arm-none-eabi/4.7.3/armv7e-m/softfp/crti.o
                0x08004e74                _init
 .init          0x08004e78        0x8 c:/program files (x86)/emblocks/2.30/share/em_armgcc/bin/../lib/gcc/arm-none-eabi/4.7.3/armv7e-m/softfp/crtn.o
 *(.fini)
 .fini          0x08004e80        0x4 c:/program files (x86)/emblocks/2.30/share/em_armgcc/bin/../lib/gcc/arm-none-eabi/4.7.3/armv7e-m/softfp/crti.o
                0x08004e80                _fini
 .fini          0x08004e84        0x8 c:/program files (x86)/emblocks/2.30/share/em_armgcc/bin/../lib/gcc/arm-none-eabi/4.7.3/armv7e-m/softfp/crtn.o
 *crtbegin.o(.ctors)
 *crtbegin?.o(.ctors)
 *(EXCLUDE_FILE(*crtend.o *crtend?.o) .ctors)
 *(SORT(.ctors.*))
 *(.ctors)
 *crtbegin.o(.dtors)
 *crtbegin?.o(.dtors)
 *(EXCLUDE_FILE(*crtend.o *crtend?.o) .dtors)
 *(SORT(.dtors.*))
 *(.dtors)
 *(.rodata*)
 .rodata.heapSTRUCT_SIZE
                0x08004e8c        0x2 obj\debug\src\rtos\heap_2.o
 *fill*         0x08004e8e        0x2 
 .rodata.pcInterruptPriorityRegisters
                0x08004e90        0x4 obj\debug\src\rtos\port.o
 .rodata        0x08004e94        0x8 obj\debug\src\rtos\tasks.o
 .rodata.ucExpectedStackBytes.4879
                0x08004e9c       0x14 obj\debug\src\rtos\tasks.o
 .rodata        0x08004eb0       0x10 obj\debug\src\rtos\timers.o
 .rodata        0x08004ec0        0x8 obj\debug\src\buttontask.o
 .rodata        0x08004ec8        0xc obj\debug\src\ledtask.o
 .rodata        0x08004ed4        0xc obj\debug\src\systemledtask.o
 .rodata        0x08004ee0        0xc obj\debug\src\usartrxtask.o
 .rodata.str1.1
                0x08004eec        0x2 c:/program files (x86)/emblocks/2.30/share/em_armgcc/bin/../lib/gcc/arm-none-eabi/4.7.3/../../../../arm-none-eabi/lib/armv7e-m/softfp\libc_n.a(lib_a-impure.o)
 *fill*         0x08004eee        0x2 
 .rodata._global_impure_ptr
                0x08004ef0        0x4 c:/program files (x86)/emblocks/2.30/share/em_armgcc/bin/../lib/gcc/arm-none-eabi/4.7.3/../../../../arm-none-eabi/lib/armv7e-m/softfp\libc_n.a(lib_a-impure.o)
                0x08004ef0                _global_impure_ptr
 *(.eh_frame*)
 .eh_frame      0x08004ef4        0x0 c:/program files (x86)/emblocks/2.30/share/em_armgcc/bin/../lib/gcc/arm-none-eabi/4.7.3/armv7e-m/softfp/crtbegin.o
 .eh_frame      0x08004ef4        0x4 c:/program files (x86)/emblocks/2.30/share/em_armgcc/bin/../lib/gcc/arm-none-eabi/4.7.3/armv7e-m/softfp/crtend.o

.glue_7         0x08004ef8        0x0
 .glue_7        0x00000000        0x0 linker stubs

.glue_7t        0x08004ef8        0x0
 .glue_7t       0x00000000        0x0 linker stubs

.vfp11_veneer   0x08004ef8        0x0
 .vfp11_veneer  0x00000000        0x0 linker stubs

.v4_bx          0x08004ef8        0x0
 .v4_bx         0x00000000        0x0 linker stubs

.iplt           0x08004ef8        0x0
 .iplt          0x00000000        0x0 c:/program files (x86)/emblocks/2.30/share/em_armgcc/bin/../lib/gcc/arm-none-eabi/4.7.3/armv7e-m/softfp/crtbegin.o

.ARM.extab
 *(.ARM.extab* .gnu.linkonce.armextab.*)
                0x08004ef8                __exidx_start = .

.ARM.exidx      0x08004ef8        0x8
 *(.ARM.exidx* .gnu.linkonce.armexidx.*)
 .ARM.exidx     0x08004ef8        0x8 c:/program files (x86)/emblocks/2.30/share/em_armgcc/bin/../lib/gcc/arm-none-eabi/4.7.3/../../../../arm-none-eabi/lib/armv7e-m/softfp/crt0.o
                0x08004f00                __exidx_end = .
                0x08004f00                __etext = .

.rel.dyn        0x08004f00        0x0
 .rel.iplt      0x00000000        0x0 c:/program files (x86)/emblocks/2.30/share/em_armgcc/bin/../lib/gcc/arm-none-eabi/4.7.3/armv7e-m/softfp/crtbegin.o

.data           0x20000000       0x7c load address 0x08004f00
                0x20000000                __data_start__ = .
 *(vtable)
 *(.data*)
 .data.xFreeBytesRemaining
                0x20000000        0x4 obj\debug\src\rtos\heap_2.o
 .data.uxCriticalNesting
                0x20000004        0x4 obj\debug\src\rtos\port.o
 .data.xNextTaskUnblockTime
                0x20000008        0x4 obj\debug\src\rtos\tasks.o
 .data.uxBlinkRate
                0x2000000c        0x4 obj\debug\src\main.o
                0x2000000c                uxBlinkRate
 .data.SystemCoreClock
                0x20000010        0x4 obj\debug\src\system_stm32f30x.o
                0x20000010                SystemCoreClock
 .data.impure_data
                0x20000014       0x60 c:/program files (x86)/emblocks/2.30/share/em_armgcc/bin/../lib/gcc/arm-none-eabi/4.7.3/../../../../arm-none-eabi/lib/armv7e-m/softfp\libc_n.a(lib_a-impure.o)
                0x20000074                . = ALIGN (0x4)
                0x20000074                PROVIDE (__preinit_array_start, .)
 *(.preinit_array)
                0x20000074                PROVIDE (__preinit_array_end, .)
                0x20000074                . = ALIGN (0x4)
                0x20000074                PROVIDE (__init_array_start, .)
 *(SORT(.init_array.*))
 *(.init_array)
 .init_array    0x20000074        0x4 c:/program files (x86)/emblocks/2.30/share/em_armgcc/bin/../lib/gcc/arm-none-eabi/4.7.3/armv7e-m/softfp/crtbegin.o
                0x20000078                PROVIDE (__init_array_end, .)
                0x20000078                . = ALIGN (0x4)
                0x20000078                PROVIDE (__fini_array_start, .)
 *(SORT(.fini_array.*))
 *(.fini_array)
 .fini_array    0x20000078        0x4 c:/program files (x86)/emblocks/2.30/share/em_armgcc/bin/../lib/gcc/arm-none-eabi/4.7.3/armv7e-m/softfp/crtbegin.o
                0x2000007c                PROVIDE (__fini_array_end, .)
                0x2000007c                . = ALIGN (0x4)
                0x2000007c                __data_end__ = .

.jcr            0x2000007c        0x0 load address 0x08004f7c
 .jcr           0x2000007c        0x0 c:/program files (x86)/emblocks/2.30/share/em_armgcc/bin/../lib/gcc/arm-none-eabi/4.7.3/armv7e-m/softfp/crtbegin.o

.igot.plt       0x2000007c        0x0 load address 0x08004f7c
 .igot.plt      0x00000000        0x0 c:/program files (x86)/emblocks/2.30/share/em_armgcc/bin/../lib/gcc/arm-none-eabi/4.7.3/armv7e-m/softfp/crtbegin.o

.bss            0x2000007c     0x8e29 load address 0x08004f7c
                0x2000007c                __bss_start__ = .
 *(.bss*)
 .bss           0x2000007c       0x1c c:/program files (x86)/emblocks/2.30/share/em_armgcc/bin/../lib/gcc/arm-none-eabi/4.7.3/armv7e-m/softfp/crtbegin.o
 .bss.ucHeap    0x20000098     0x8c00 obj\debug\src\rtos\heap_2.o
 .bss.xStart    0x20008c98        0x8 obj\debug\src\rtos\heap_2.o
 .bss.xEnd      0x20008ca0        0x8 obj\debug\src\rtos\heap_2.o
 .bss.xHeapHasBeenInitialised.4578
                0x20008ca8        0x4 obj\debug\src\rtos\heap_2.o
 .bss.ucMaxSysCallPriority
                0x20008cac        0x1 obj\debug\src\rtos\port.o
 *fill*         0x20008cad        0x3 
 .bss.ulMaxPRIGROUPValue
                0x20008cb0        0x4 obj\debug\src\rtos\port.o
 .bss.pxCurrentTCB
                0x20008cb4        0x4 obj\debug\src\rtos\tasks.o
                0x20008cb4                pxCurrentTCB
 .bss.pxReadyTasksLists
                0x20008cb8       0x64 obj\debug\src\rtos\tasks.o
 .bss.xDelayedTaskList1
                0x20008d1c       0x14 obj\debug\src\rtos\tasks.o
 .bss.xDelayedTaskList2
                0x20008d30       0x14 obj\debug\src\rtos\tasks.o
 .bss.pxDelayedTaskList
                0x20008d44        0x4 obj\debug\src\rtos\tasks.o
 .bss.pxOverflowDelayedTaskList
                0x20008d48        0x4 obj\debug\src\rtos\tasks.o
 .bss.xPendingReadyList
                0x20008d4c       0x14 obj\debug\src\rtos\tasks.o
 .bss.xTasksWaitingTermination
                0x20008d60       0x14 obj\debug\src\rtos\tasks.o
 .bss.uxTasksDeleted
                0x20008d74        0x4 obj\debug\src\rtos\tasks.o
 .bss.xSuspendedTaskList
                0x20008d78       0x14 obj\debug\src\rtos\tasks.o
 .bss.uxCurrentNumberOfTasks
                0x20008d8c        0x4 obj\debug\src\rtos\tasks.o
 .bss.xTickCount
                0x20008d90        0x4 obj\debug\src\rtos\tasks.o
 .bss.uxTopReadyPriority
                0x20008d94        0x4 obj\debug\src\rtos\tasks.o
 .bss.xSchedulerRunning
                0x20008d98        0x4 obj\debug\src\rtos\tasks.o
 .bss.uxPendedTicks
                0x20008d9c        0x4 obj\debug\src\rtos\tasks.o
 .bss.xYieldPending
                0x20008da0        0x4 obj\debug\src\rtos\tasks.o
 .bss.xNumOfOverflows
                0x20008da4        0x4 obj\debug\src\rtos\tasks.o
 .bss.uxTaskNumber
                0x20008da8        0x4 obj\debug\src\rtos\tasks.o
 .bss.uxSchedulerSuspended
                0x20008dac        0x4 obj\debug\src\rtos\tasks.o
 .bss.xActiveTimerList1
                0x20008db0       0x14 obj\debug\src\rtos\timers.o
 .bss.xActiveTimerList2
                0x20008dc4       0x14 obj\debug\src\rtos\timers.o
 .bss.pxCurrentTimerList
                0x20008dd8        0x4 obj\debug\src\rtos\timers.o
 .bss.pxOverflowTimerList
                0x20008ddc        0x4 obj\debug\src\rtos\timers.o
 .bss.xTimerQueue
                0x20008de0        0x4 obj\debug\src\rtos\timers.o
 .bss.xLastTime.4816
                0x20008de4        0x4 obj\debug\src\rtos\timers.o
 .bss.delay_flag
                0x20008de8        0x1 obj\debug\src\delay.o
                0x20008de8                delay_flag
 *fill*         0x20008de9        0x3 
 .bss.xButtonSemaphore
                0x20008dec        0x4 obj\debug\src\main.o
                0x20008dec                xButtonSemaphore
 .bss.xStatusSemaphore
                0x20008df0        0x4 obj\debug\src\main.o
                0x20008df0                xStatusSemaphore
 .bss.xFrameReceivedSemaphore
                0x20008df4        0x4 obj\debug\src\main.o
                0x20008df4                xFrameReceivedSemaphore
 .bss.xDataReadySemaphore
                0x20008df8        0x4 obj\debug\src\main.o
                0x20008df8                xDataReadySemaphore
 .bss.ulButtonPressCount
                0x20008dfc        0x4 obj\debug\src\main.o
                0x20008dfc                ulButtonPressCount
 *(COMMON)
 COMMON         0x20008e00       0x40 obj\debug\src\rtos\queue.o
                0x20008e00                xQueueRegistry
 COMMON         0x20008e40       0x50 obj\debug\src\main.o
                0x20008e40                xTxRequest
                0x20008e44                xUsartTxBuffer
                0x20008e48                board_status
                0x20008e7c                xSensorTaskHandle
                0x20008e80                xLedTaskHandle
                0x20008e84                xUsartRxBuffer
                0x20008e88                xUsartRxTaskHandle
                0x20008e8c                xUsartTxTaskHandle
 COMMON         0x20008e90       0x15 obj\debug\src\usartrxtask.o
                0x20008e90                xFrame
                0x20008ea5                __bss_end__ = .

.heap           0x20008ea8        0x0
                0x20008ea8                __end__ = .
                0x20008ea8                end = __end__
 *(.heap*)
 .heap          0x20008ea8        0x0 obj\debug\src\startup_stm32f30x.o
                0x20008ea8                __HeapLimit = .

.stack_dummy    0x20008ea8      0x100
 *(.stack)
 .stack         0x20008ea8      0x100 obj\debug\src\startup_stm32f30x.o
                0x2000a000                __StackTop = (ORIGIN (RAM) + 0xa000)
                0x20009f00                __StackLimit = (__StackTop - SIZEOF (.stack_dummy))
                0x2000a000                PROVIDE (__stack, __StackTop)
                0x00000001                ASSERT ((__StackLimit >= __HeapLimit), region RAM overflowed with stack)
LOAD obj\debug\spl\src\stm32f30x_adc.o
LOAD obj\debug\spl\src\stm32f30x_can.o
LOAD obj\debug\spl\src\stm32f30x_comp.o
LOAD obj\debug\spl\src\stm32f30x_crc.o
LOAD obj\debug\spl\src\stm32f30x_dac.o
LOAD obj\debug\spl\src\stm32f30x_dbgmcu.o
LOAD obj\debug\spl\src\stm32f30x_dma.o
LOAD obj\debug\spl\src\stm32f30x_exti.o
LOAD obj\debug\spl\src\stm32f30x_flash.o
LOAD obj\debug\spl\src\stm32f30x_gpio.o
LOAD obj\debug\spl\src\stm32f30x_i2c.o
LOAD obj\debug\spl\src\stm32f30x_iwdg.o
LOAD obj\debug\spl\src\stm32f30x_misc.o
LOAD obj\debug\spl\src\stm32f30x_opamp.o
LOAD obj\debug\spl\src\stm32f30x_pwr.o
LOAD obj\debug\spl\src\stm32f30x_rcc.o
LOAD obj\debug\spl\src\stm32f30x_rtc.o
LOAD obj\debug\spl\src\stm32f30x_spi.o
LOAD obj\debug\spl\src\stm32f30x_syscfg.o
LOAD obj\debug\spl\src\stm32f30x_tim.o
LOAD obj\debug\spl\src\stm32f30x_usart.o
LOAD obj\debug\spl\src\stm32f30x_wwdg.o
LOAD obj\debug\src\gpio.o
LOAD obj\debug\src\hd44780.o
LOAD obj\debug\src\rcc.o
LOAD obj\debug\src\rtos\croutine.o
LOAD obj\debug\src\rtos\event_groups.o
LOAD obj\debug\src\rtos\heap_2.o
LOAD obj\debug\src\rtos\list.o
LOAD obj\debug\src\rtos\port.o
LOAD obj\debug\src\rtos\queue.o
LOAD obj\debug\src\rtos\tasks.o
LOAD obj\debug\src\rtos\timers.o
LOAD obj\debug\src\buttontask.o
LOAD obj\debug\src\delay.o
LOAD obj\debug\src\hardware.o
LOAD obj\debug\src\imu.o
LOAD obj\debug\src\ledtask.o
LOAD obj\debug\src\main.o
LOAD obj\debug\src\sensortask.o
LOAD obj\debug\src\startup_stm32f30x.o
LOAD obj\debug\src\stm32f30x_it.o
LOAD obj\debug\src\stm32f3_discovery.o
LOAD obj\debug\src\stm32f3_discovery_l3gd20.o
LOAD obj\debug\src\stm32f3_discovery_lsm303dlhc.o
LOAD obj\debug\src\systemledtask.o
LOAD obj\debug\src\system_stm32f30x.o
LOAD obj\debug\src\usartrxtask.o
LOAD obj\debug\src\usarttxtask.o
START GROUP
LOAD c:/program files (x86)/emblocks/2.30/share/em_armgcc/bin/../lib/gcc/arm-none-eabi/4.7.3/armv7e-m/softfp\libgcc.a
LOAD c:/program files (x86)/emblocks/2.30/share/em_armgcc/bin/../lib/gcc/arm-none-eabi/4.7.3/../../../../arm-none-eabi/lib/armv7e-m/softfp\libc_n.a
LOAD c:/program files (x86)/emblocks/2.30/share/em_armgcc/bin/../lib/gcc/arm-none-eabi/4.7.3/../../../../arm-none-eabi/lib/armv7e-m/softfp\libg_n.a
LOAD c:/program files (x86)/emblocks/2.30/share/em_armgcc/bin/../lib/gcc/arm-none-eabi/4.7.3/../../../../arm-none-eabi/lib/armv7e-m/softfp\libnosys.a
END GROUP
LOAD c:/program files (x86)/emblocks/2.30/share/em_armgcc/bin/../lib/gcc/arm-none-eabi/4.7.3/armv7e-m/softfp/crtend.o
LOAD c:/program files (x86)/emblocks/2.30/share/em_armgcc/bin/../lib/gcc/arm-none-eabi/4.7.3/armv7e-m/softfp/crtn.o
OUTPUT(bin\Debug\XplorerRTOS.elf elf32-littlearm)

.ARM.attributes
                0x00000000       0x2e
 .ARM.attributes
                0x00000000       0x22 c:/program files (x86)/emblocks/2.30/share/em_armgcc/bin/../lib/gcc/arm-none-eabi/4.7.3/armv7e-m/softfp/crti.o
 .ARM.attributes
                0x00000022       0x32 c:/program files (x86)/emblocks/2.30/share/em_armgcc/bin/../lib/gcc/arm-none-eabi/4.7.3/armv7e-m/softfp/crtbegin.o
 .ARM.attributes
                0x00000054       0x20 c:/program files (x86)/emblocks/2.30/share/em_armgcc/bin/../lib/gcc/arm-none-eabi/4.7.3/../../../../arm-none-eabi/lib/armv7e-m/softfp/crt0.o
 .ARM.attributes
                0x00000074       0x37 obj\debug\spl\src\stm32f30x_exti.o
 .ARM.attributes
                0x000000ab       0x37 obj\debug\spl\src\stm32f30x_gpio.o
 .ARM.attributes
                0x000000e2       0x37 obj\debug\spl\src\stm32f30x_i2c.o
 .ARM.attributes
                0x00000119       0x37 obj\debug\spl\src\stm32f30x_misc.o
 .ARM.attributes
                0x00000150       0x37 obj\debug\spl\src\stm32f30x_rcc.o
 .ARM.attributes
                0x00000187       0x37 obj\debug\spl\src\stm32f30x_spi.o
 .ARM.attributes
                0x000001be       0x37 obj\debug\spl\src\stm32f30x_syscfg.o
 .ARM.attributes
                0x000001f5       0x37 obj\debug\src\gpio.o
 .ARM.attributes
                0x0000022c       0x37 obj\debug\src\rtos\heap_2.o
 .ARM.attributes
                0x00000263       0x37 obj\debug\src\rtos\list.o
 .ARM.attributes
                0x0000029a       0x37 obj\debug\src\rtos\port.o
 .ARM.attributes
                0x000002d1       0x37 obj\debug\src\rtos\queue.o
 .ARM.attributes
                0x00000308       0x37 obj\debug\src\rtos\tasks.o
 .ARM.attributes
                0x0000033f       0x37 obj\debug\src\rtos\timers.o
 .ARM.attributes
                0x00000376       0x37 obj\debug\src\buttontask.o
 .ARM.attributes
                0x000003ad       0x37 obj\debug\src\delay.o
 .ARM.attributes
                0x000003e4       0x37 obj\debug\src\hardware.o
 .ARM.attributes
                0x0000041b       0x37 obj\debug\src\imu.o
 .ARM.attributes
                0x00000452       0x37 obj\debug\src\ledtask.o
 .ARM.attributes
                0x00000489       0x37 obj\debug\src\main.o
 .ARM.attributes
                0x000004c0       0x1f obj\debug\src\startup_stm32f30x.o
 .ARM.attributes
                0x000004df       0x37 obj\debug\src\stm32f30x_it.o
 .ARM.attributes
                0x00000516       0x37 obj\debug\src\systemledtask.o
 .ARM.attributes
                0x0000054d       0x37 obj\debug\src\system_stm32f30x.o
 .ARM.attributes
                0x00000584       0x37 obj\debug\src\usartrxtask.o
 .ARM.attributes
                0x000005bb       0x32 c:/program files (x86)/emblocks/2.30/share/em_armgcc/bin/../lib/gcc/arm-none-eabi/4.7.3/../../../../arm-none-eabi/lib/armv7e-m/softfp\libc_n.a(lib_a-exit.o)
 .ARM.attributes
                0x000005ed       0x32 c:/program files (x86)/emblocks/2.30/share/em_armgcc/bin/../lib/gcc/arm-none-eabi/4.7.3/../../../../arm-none-eabi/lib/armv7e-m/softfp\libc_n.a(lib_a-impure.o)
 .ARM.attributes
                0x0000061f       0x32 c:/program files (x86)/emblocks/2.30/share/em_armgcc/bin/../lib/gcc/arm-none-eabi/4.7.3/../../../../arm-none-eabi/lib/armv7e-m/softfp\libc_n.a(lib_a-init.o)
 .ARM.attributes
                0x00000651       0x32 c:/program files (x86)/emblocks/2.30/share/em_armgcc/bin/../lib/gcc/arm-none-eabi/4.7.3/../../../../arm-none-eabi/lib/armv7e-m/softfp\libc_n.a(lib_a-memcmp.o)
 .ARM.attributes
                0x00000683       0x32 c:/program files (x86)/emblocks/2.30/share/em_armgcc/bin/../lib/gcc/arm-none-eabi/4.7.3/../../../../arm-none-eabi/lib/armv7e-m/softfp\libc_n.a(lib_a-memcpy-stub.o)
 .ARM.attributes
                0x000006b5       0x32 c:/program files (x86)/emblocks/2.30/share/em_armgcc/bin/../lib/gcc/arm-none-eabi/4.7.3/../../../../arm-none-eabi/lib/armv7e-m/softfp\libc_n.a(lib_a-memset.o)
 .ARM.attributes
                0x000006e7       0x32 c:/program files (x86)/emblocks/2.30/share/em_armgcc/bin/../lib/gcc/arm-none-eabi/4.7.3/../../../../arm-none-eabi/lib/armv7e-m/softfp\libnosys.a(_exit.o)
 .ARM.attributes
                0x00000719       0x32 c:/program files (x86)/emblocks/2.30/share/em_armgcc/bin/../lib/gcc/arm-none-eabi/4.7.3/armv7e-m/softfp/crtend.o
 .ARM.attributes
                0x0000074b       0x22 c:/program files (x86)/emblocks/2.30/share/em_armgcc/bin/../lib/gcc/arm-none-eabi/4.7.3/armv7e-m/softfp/crtn.o

.comment        0x00000000       0x38
 .comment       0x00000000       0x38 obj\debug\spl\src\stm32f30x_exti.o
                                 0x39 (size before relaxing)
 .comment       0x00000000       0x39 obj\debug\spl\src\stm32f30x_gpio.o
 .comment       0x00000000       0x39 obj\debug\spl\src\stm32f30x_i2c.o
 .comment       0x00000000       0x39 obj\debug\spl\src\stm32f30x_misc.o
 .comment       0x00000000       0x39 obj\debug\spl\src\stm32f30x_rcc.o
 .comment       0x00000000       0x39 obj\debug\spl\src\stm32f30x_spi.o
 .comment       0x00000000       0x39 obj\debug\spl\src\stm32f30x_syscfg.o
 .comment       0x00000000       0x39 obj\debug\src\gpio.o
 .comment       0x00000000       0x39 obj\debug\src\rtos\heap_2.o
 .comment       0x00000000       0x39 obj\debug\src\rtos\list.o
 .comment       0x00000000       0x39 obj\debug\src\rtos\port.o
 .comment       0x00000000       0x39 obj\debug\src\rtos\queue.o
 .comment       0x00000000       0x39 obj\debug\src\rtos\tasks.o
 .comment       0x00000000       0x39 obj\debug\src\rtos\timers.o
 .comment       0x00000000       0x39 obj\debug\src\buttontask.o
 .comment       0x00000000       0x39 obj\debug\src\delay.o
 .comment       0x00000000       0x39 obj\debug\src\hardware.o
 .comment       0x00000000       0x39 obj\debug\src\imu.o
 .comment       0x00000000       0x39 obj\debug\src\ledtask.o
 .comment       0x00000000       0x39 obj\debug\src\main.o
 .comment       0x00000000       0x39 obj\debug\src\stm32f30x_it.o
 .comment       0x00000000       0x39 obj\debug\src\systemledtask.o
 .comment       0x00000000       0x39 obj\debug\src\system_stm32f30x.o
 .comment       0x00000000       0x39 obj\debug\src\usartrxtask.o

.debug_info     0x00000000     0xa7a7
 .debug_info    0x00000000      0x40e obj\debug\spl\src\stm32f30x_exti.o
 .debug_info    0x0000040e      0x66f obj\debug\spl\src\stm32f30x_gpio.o
 .debug_info    0x00000a7d      0xce2 obj\debug\spl\src\stm32f30x_i2c.o
 .debug_info    0x0000175f      0x5bb obj\debug\spl\src\stm32f30x_misc.o
 .debug_info    0x00001d1a      0xbb5 obj\debug\spl\src\stm32f30x_rcc.o
 .debug_info    0x000028cf      0xc80 obj\debug\spl\src\stm32f30x_spi.o
 .debug_info    0x0000354f      0x422 obj\debug\spl\src\stm32f30x_syscfg.o
 .debug_info    0x00003971      0x348 obj\debug\src\gpio.o
 .debug_info    0x00003cb9      0x316 obj\debug\src\rtos\heap_2.o
 .debug_info    0x00003fcf      0x2d4 obj\debug\src\rtos\list.o
 .debug_info    0x000042a3      0x387 obj\debug\src\rtos\port.o
 .debug_info    0x0000462a      0xc95 obj\debug\src\rtos\queue.o
 .debug_info    0x000052bf     0x1421 obj\debug\src\rtos\tasks.o
 .debug_info    0x000066e0      0x868 obj\debug\src\rtos\timers.o
 .debug_info    0x00006f48      0x1c8 obj\debug\src\buttontask.o
 .debug_info    0x00007110      0x979 obj\debug\src\delay.o
 .debug_info    0x00007a89      0xddf obj\debug\src\hardware.o
 .debug_info    0x00008868      0xab2 obj\debug\src\imu.o
 .debug_info    0x0000931a      0x27b obj\debug\src\ledtask.o
 .debug_info    0x00009595      0x34b obj\debug\src\main.o
 .debug_info    0x000098e0       0x5e obj\debug\src\startup_stm32f30x.o
 .debug_info    0x0000993e      0x3b3 obj\debug\src\stm32f30x_it.o
 .debug_info    0x00009cf1      0x2b8 obj\debug\src\systemledtask.o
 .debug_info    0x00009fa9      0x527 obj\debug\src\system_stm32f30x.o
 .debug_info    0x0000a4d0      0x2d7 obj\debug\src\usartrxtask.o

.debug_abbrev   0x00000000     0x223f
 .debug_abbrev  0x00000000      0x181 obj\debug\spl\src\stm32f30x_exti.o
 .debug_abbrev  0x00000181      0x19b obj\debug\spl\src\stm32f30x_gpio.o
 .debug_abbrev  0x0000031c      0x185 obj\debug\spl\src\stm32f30x_i2c.o
 .debug_abbrev  0x000004a1      0x12e obj\debug\spl\src\stm32f30x_misc.o
 .debug_abbrev  0x000005cf      0x1ea obj\debug\spl\src\stm32f30x_rcc.o
 .debug_abbrev  0x000007b9      0x190 obj\debug\spl\src\stm32f30x_spi.o
 .debug_abbrev  0x00000949      0x188 obj\debug\spl\src\stm32f30x_syscfg.o
 .debug_abbrev  0x00000ad1      0x10d obj\debug\src\gpio.o
 .debug_abbrev  0x00000bde      0x173 obj\debug\src\rtos\heap_2.o
 .debug_abbrev  0x00000d51       0xc3 obj\debug\src\rtos\list.o
 .debug_abbrev  0x00000e14      0x1ba obj\debug\src\rtos\port.o
 .debug_abbrev  0x00000fce      0x1bf obj\debug\src\rtos\queue.o
 .debug_abbrev  0x0000118d      0x28c obj\debug\src\rtos\tasks.o
 .debug_abbrev  0x00001419      0x18d obj\debug\src\rtos\timers.o
 .debug_abbrev  0x000015a6       0xab obj\debug\src\buttontask.o
 .debug_abbrev  0x00001651      0x16d obj\debug\src\delay.o
 .debug_abbrev  0x000017be      0x1f1 obj\debug\src\hardware.o
 .debug_abbrev  0x000019af      0x1c8 obj\debug\src\imu.o
 .debug_abbrev  0x00001b77       0xee obj\debug\src\ledtask.o
 .debug_abbrev  0x00001c65      0x128 obj\debug\src\main.o
 .debug_abbrev  0x00001d8d       0x14 obj\debug\src\startup_stm32f30x.o
 .debug_abbrev  0x00001da1      0x113 obj\debug\src\stm32f30x_it.o
 .debug_abbrev  0x00001eb4       0xf7 obj\debug\src\systemledtask.o
 .debug_abbrev  0x00001fab      0x16a obj\debug\src\system_stm32f30x.o
 .debug_abbrev  0x00002115      0x12a obj\debug\src\usartrxtask.o

.debug_loc      0x00000000     0x455a
 .debug_loc     0x00000000      0x1b4 obj\debug\spl\src\stm32f30x_exti.o
 .debug_loc     0x000001b4      0x2d8 obj\debug\spl\src\stm32f30x_gpio.o
 .debug_loc     0x0000048c      0x930 obj\debug\spl\src\stm32f30x_i2c.o
 .debug_loc     0x00000dbc      0x118 obj\debug\spl\src\stm32f30x_misc.o
 .debug_loc     0x00000ed4      0x864 obj\debug\spl\src\stm32f30x_rcc.o
 .debug_loc     0x00001738      0x702 obj\debug\spl\src\stm32f30x_spi.o
 .debug_loc     0x00001e3a      0x2f8 obj\debug\spl\src\stm32f30x_syscfg.o
 .debug_loc     0x00002132       0x70 obj\debug\src\gpio.o
 .debug_loc     0x000021a2      0x100 obj\debug\src\rtos\heap_2.o
 .debug_loc     0x000022a2      0x118 obj\debug\src\rtos\list.o
 .debug_loc     0x000023ba      0x1dc obj\debug\src\rtos\port.o
 .debug_loc     0x00002596      0x620 obj\debug\src\rtos\queue.o
 .debug_loc     0x00002bb6      0xa0c obj\debug\src\rtos\tasks.o
 .debug_loc     0x000035c2      0x33c obj\debug\src\rtos\timers.o
 .debug_loc     0x000038fe       0x70 obj\debug\src\buttontask.o
 .debug_loc     0x0000396e      0x100 obj\debug\src\delay.o
 .debug_loc     0x00003a6e      0x2a8 obj\debug\src\hardware.o
 .debug_loc     0x00003d16      0x304 obj\debug\src\imu.o
 .debug_loc     0x0000401a       0x70 obj\debug\src\ledtask.o
 .debug_loc     0x0000408a       0xf4 obj\debug\src\main.o
 .debug_loc     0x0000417e      0x228 obj\debug\src\stm32f30x_it.o
 .debug_loc     0x000043a6       0x70 obj\debug\src\systemledtask.o
 .debug_loc     0x00004416       0x9c obj\debug\src\system_stm32f30x.o
 .debug_loc     0x000044b2       0xa8 obj\debug\src\usartrxtask.o

.debug_aranges  0x00000000      0xcc0
 .debug_aranges
                0x00000000       0x58 obj\debug\spl\src\stm32f30x_exti.o
 .debug_aranges
                0x00000058       0x80 obj\debug\spl\src\stm32f30x_gpio.o
 .debug_aranges
                0x000000d8      0x168 obj\debug\spl\src\stm32f30x_i2c.o
 .debug_aranges
                0x00000240       0x40 obj\debug\spl\src\stm32f30x_misc.o
 .debug_aranges
                0x00000280      0x150 obj\debug\spl\src\stm32f30x_rcc.o
 .debug_aranges
                0x000003d0      0x118 obj\debug\spl\src\stm32f30x_spi.o
 .debug_aranges
                0x000004e8       0x88 obj\debug\spl\src\stm32f30x_syscfg.o
 .debug_aranges
                0x00000570       0x28 obj\debug\src\gpio.o
 .debug_aranges
                0x00000598       0x40 obj\debug\src\rtos\heap_2.o
 .debug_aranges
                0x000005d8       0x40 obj\debug\src\rtos\list.o
 .debug_aranges
                0x00000618       0x98 obj\debug\src\rtos\port.o
 .debug_aranges
                0x000006b0       0xf8 obj\debug\src\rtos\queue.o
 .debug_aranges
                0x000007a8      0x190 obj\debug\src\rtos\tasks.o
 .debug_aranges
                0x00000938       0x90 obj\debug\src\rtos\timers.o
 .debug_aranges
                0x000009c8       0x28 obj\debug\src\buttontask.o
 .debug_aranges
                0x000009f0       0x40 obj\debug\src\delay.o
 .debug_aranges
                0x00000a30       0x80 obj\debug\src\hardware.o
 .debug_aranges
                0x00000ab0       0x88 obj\debug\src\imu.o
 .debug_aranges
                0x00000b38       0x28 obj\debug\src\ledtask.o
 .debug_aranges
                0x00000b60       0x40 obj\debug\src\main.o
 .debug_aranges
                0x00000ba0       0x20 obj\debug\src\startup_stm32f30x.o
 .debug_aranges
                0x00000bc0       0x78 obj\debug\src\stm32f30x_it.o
 .debug_aranges
                0x00000c38       0x28 obj\debug\src\systemledtask.o
 .debug_aranges
                0x00000c60       0x30 obj\debug\src\system_stm32f30x.o
 .debug_aranges
                0x00000c90       0x30 obj\debug\src\usartrxtask.o

.debug_ranges   0x00000000      0xb20
 .debug_ranges  0x00000000       0x48 obj\debug\spl\src\stm32f30x_exti.o
 .debug_ranges  0x00000048       0x70 obj\debug\spl\src\stm32f30x_gpio.o
 .debug_ranges  0x000000b8      0x158 obj\debug\spl\src\stm32f30x_i2c.o
 .debug_ranges  0x00000210       0x30 obj\debug\spl\src\stm32f30x_misc.o
 .debug_ranges  0x00000240      0x140 obj\debug\spl\src\stm32f30x_rcc.o
 .debug_ranges  0x00000380      0x108 obj\debug\spl\src\stm32f30x_spi.o
 .debug_ranges  0x00000488       0x78 obj\debug\spl\src\stm32f30x_syscfg.o
 .debug_ranges  0x00000500       0x18 obj\debug\src\gpio.o
 .debug_ranges  0x00000518       0x30 obj\debug\src\rtos\heap_2.o
 .debug_ranges  0x00000548       0x30 obj\debug\src\rtos\list.o
 .debug_ranges  0x00000578       0x88 obj\debug\src\rtos\port.o
 .debug_ranges  0x00000600       0xe8 obj\debug\src\rtos\queue.o
 .debug_ranges  0x000006e8      0x180 obj\debug\src\rtos\tasks.o
 .debug_ranges  0x00000868       0x80 obj\debug\src\rtos\timers.o
 .debug_ranges  0x000008e8       0x18 obj\debug\src\buttontask.o
 .debug_ranges  0x00000900       0x30 obj\debug\src\delay.o
 .debug_ranges  0x00000930       0x70 obj\debug\src\hardware.o
 .debug_ranges  0x000009a0       0x78 obj\debug\src\imu.o
 .debug_ranges  0x00000a18       0x18 obj\debug\src\ledtask.o
 .debug_ranges  0x00000a30       0x30 obj\debug\src\main.o
 .debug_ranges  0x00000a60       0x68 obj\debug\src\stm32f30x_it.o
 .debug_ranges  0x00000ac8       0x18 obj\debug\src\systemledtask.o
 .debug_ranges  0x00000ae0       0x20 obj\debug\src\system_stm32f30x.o
 .debug_ranges  0x00000b00       0x20 obj\debug\src\usartrxtask.o

.debug_macro    0x00000000     0x52c8
 .debug_macro   0x00000000      0x180 obj\debug\spl\src\stm32f30x_exti.o
 .debug_macro   0x00000180      0x10e obj\debug\spl\src\stm32f30x_exti.o
 .debug_macro   0x0000028e      0x17a obj\debug\spl\src\stm32f30x_gpio.o
 .debug_macro   0x00000408      0x1b0 obj\debug\spl\src\stm32f30x_gpio.o
 .debug_macro   0x000005b8      0x198 obj\debug\spl\src\stm32f30x_i2c.o
 .debug_macro   0x00000750      0x294 obj\debug\spl\src\stm32f30x_i2c.o
 .debug_macro   0x000009e4      0x180 obj\debug\spl\src\stm32f30x_misc.o
 .debug_macro   0x00000b64       0x83 obj\debug\spl\src\stm32f30x_misc.o
 .debug_macro   0x00000be7      0x217 obj\debug\spl\src\stm32f30x_rcc.o
 .debug_macro   0x00000dfe      0x5c0 obj\debug\spl\src\stm32f30x_rcc.o
 .debug_macro   0x000013be      0x18f obj\debug\spl\src\stm32f30x_spi.o
 .debug_macro   0x0000154d      0x3a5 obj\debug\spl\src\stm32f30x_spi.o
 .debug_macro   0x000018f2      0x1aa obj\debug\spl\src\stm32f30x_syscfg.o
 .debug_macro   0x00001a9c      0x1d9 obj\debug\spl\src\stm32f30x_syscfg.o
 .debug_macro   0x00001c75      0x17f obj\debug\src\gpio.o
 .debug_macro   0x00001df4       0x82 obj\debug\src\gpio.o
 .debug_macro   0x00001e76      0x157 obj\debug\src\rtos\heap_2.o
 .debug_macro   0x00001fcd      0x12a obj\debug\src\rtos\list.o
 .debug_macro   0x000020f7      0x157 obj\debug\src\rtos\port.o
 .debug_macro   0x0000224e      0x1b5 obj\debug\src\rtos\queue.o
 .debug_macro   0x00002403      0x2a6 obj\debug\src\rtos\queue.o
 .debug_macro   0x000026a9       0x10 obj\debug\src\rtos\queue.o
 .debug_macro   0x000026b9       0x35 obj\debug\src\rtos\queue.o
 .debug_macro   0x000026ee       0xb0 obj\debug\src\rtos\queue.o
 .debug_macro   0x0000279e      0x1f1 obj\debug\src\rtos\tasks.o
 .debug_macro   0x0000298f       0x17 obj\debug\src\rtos\tasks.o
 .debug_macro   0x000029a6      0x167 obj\debug\src\rtos\timers.o
 .debug_macro   0x00002b0d      0x23f obj\debug\src\buttontask.o
 .debug_macro   0x00002d4c       0x7e obj\debug\src\buttontask.o
 .debug_macro   0x00002dca      0x317 obj\debug\src\buttontask.o
 .debug_macro   0x000030e1      0x552 obj\debug\src\buttontask.o
 .debug_macro   0x00003633       0x3a obj\debug\src\buttontask.o
 .debug_macro   0x0000366d       0x9a obj\debug\src\buttontask.o
 .debug_macro   0x00003707      0x180 obj\debug\src\delay.o
 .debug_macro   0x00003887      0x1b1 obj\debug\src\hardware.o
 .debug_macro   0x00003a38      0x197 obj\debug\src\imu.o
 .debug_macro   0x00003bcf      0x311 obj\debug\src\imu.o
 .debug_macro   0x00003ee0       0x34 obj\debug\src\imu.o
 .debug_macro   0x00003f14      0x221 obj\debug\src\ledtask.o
 .debug_macro   0x00004135      0x362 obj\debug\src\main.o
 .debug_macro   0x00004497       0x16 obj\debug\src\main.o
 .debug_macro   0x000044ad       0x97 obj\debug\src\main.o
 .debug_macro   0x00004544       0x10 obj\debug\src\main.o
 .debug_macro   0x00004554       0xf5 obj\debug\src\main.o
 .debug_macro   0x00004649       0x10 obj\debug\src\main.o
 .debug_macro   0x00004659       0x22 obj\debug\src\main.o
 .debug_macro   0x0000467b       0xbd obj\debug\src\main.o
 .debug_macro   0x00004738       0x16 obj\debug\src\main.o
 .debug_macro   0x0000474e      0x14a obj\debug\src\main.o
 .debug_macro   0x00004898       0x40 obj\debug\src\main.o
 .debug_macro   0x000048d8      0x225 obj\debug\src\stm32f30x_it.o
 .debug_macro   0x00004afd      0x11e obj\debug\src\stm32f30x_it.o
 .debug_macro   0x00004c1b      0x245 obj\debug\src\systemledtask.o
 .debug_macro   0x00004e60      0x17c obj\debug\src\system_stm32f30x.o
 .debug_macro   0x00004fdc      0x2ec obj\debug\src\usartrxtask.o

.debug_line     0x00000000     0x994e
 .debug_line    0x00000000      0x567 obj\debug\spl\src\stm32f30x_exti.o
 .debug_line    0x00000567      0x5ce obj\debug\spl\src\stm32f30x_gpio.o
 .debug_line    0x00000b35      0x819 obj\debug\spl\src\stm32f30x_i2c.o
 .debug_line    0x0000134e      0x502 obj\debug\spl\src\stm32f30x_misc.o
 .debug_line    0x00001850      0x83b obj\debug\spl\src\stm32f30x_rcc.o
 .debug_line    0x0000208b      0x790 obj\debug\spl\src\stm32f30x_spi.o
 .debug_line    0x0000281b      0x5b2 obj\debug\spl\src\stm32f30x_syscfg.o
 .debug_line    0x00002dcd      0x4dc obj\debug\src\gpio.o
 .debug_line    0x000032a9      0x409 obj\debug\src\rtos\heap_2.o
 .debug_line    0x000036b2      0x3c2 obj\debug\src\rtos\list.o
 .debug_line    0x00003a74      0x483 obj\debug\src\rtos\port.o
 .debug_line    0x00003ef7      0x9d2 obj\debug\src\rtos\queue.o
 .debug_line    0x000048c9      0xcb4 obj\debug\src\rtos\tasks.o
 .debug_line    0x0000557d      0x58e obj\debug\src\rtos\timers.o
 .debug_line    0x00005b0b      0x5dd obj\debug\src\buttontask.o
 .debug_line    0x000060e8      0x50c obj\debug\src\delay.o
 .debug_line    0x000065f4      0x657 obj\debug\src\hardware.o
 .debug_line    0x00006c4b      0x74e obj\debug\src\imu.o
 .debug_line    0x00007399      0x5bd obj\debug\src\ledtask.o
 .debug_line    0x00007956      0x6fe obj\debug\src\main.o
 .debug_line    0x00008054       0xbb obj\debug\src\startup_stm32f30x.o
 .debug_line    0x0000810f      0x69d obj\debug\src\stm32f30x_it.o
 .debug_line    0x000087ac      0x5eb obj\debug\src\systemledtask.o
 .debug_line    0x00008d97      0x52b obj\debug\src\system_stm32f30x.o
 .debug_line    0x000092c2      0x68c obj\debug\src\usartrxtask.o

.debug_str      0x00000000    0x61ad4
 .debug_str     0x00000000    0x51d1b obj\debug\spl\src\stm32f30x_exti.o
                              0x51e8b (size before relaxing)
 .debug_str     0x00051d1b      0x2bf obj\debug\spl\src\stm32f30x_gpio.o
                              0x51f88 (size before relaxing)
 .debug_str     0x00051fda      0x516 obj\debug\spl\src\stm32f30x_i2c.o
                              0x521f2 (size before relaxing)
 .debug_str     0x000524f0      0x238 obj\debug\spl\src\stm32f30x_misc.o
                              0x51ee1 (size before relaxing)
 .debug_str     0x00052728      0xa51 obj\debug\spl\src\stm32f30x_rcc.o
                              0x5273c (size before relaxing)
 .debug_str     0x00053179      0x4d9 obj\debug\spl\src\stm32f30x_spi.o
                              0x52319 (size before relaxing)
 .debug_str     0x00053652      0x3ba obj\debug\spl\src\stm32f30x_syscfg.o
                              0x52061 (size before relaxing)
 .debug_str     0x00053a0c      0x308 obj\debug\src\gpio.o
                              0x51fdf (size before relaxing)
 .debug_str     0x00053d14     0x43a5 obj\debug\src\rtos\heap_2.o
                               0x71aa (size before relaxing)
 .debug_str     0x000580b9      0x127 obj\debug\src\rtos\list.o
                               0x6b66 (size before relaxing)
 .debug_str     0x000581e0      0x786 obj\debug\src\rtos\port.o
                               0x625b (size before relaxing)
 .debug_str     0x00058966     0x2013 obj\debug\src\rtos\queue.o
                               0x8f56 (size before relaxing)
 .debug_str     0x0005a979     0x1a2b obj\debug\src\rtos\tasks.o
                               0x9943 (size before relaxing)
 .debug_str     0x0005c3a4      0x39a obj\debug\src\rtos\timers.o
                               0x84e7 (size before relaxing)
 .debug_str     0x0005c73e     0x374e obj\debug\src\buttontask.o
                              0x58dc2 (size before relaxing)
 .debug_str     0x0005fe8c      0x4fe obj\debug\src\delay.o
                              0x522d3 (size before relaxing)
 .debug_str     0x0006038a      0x35d obj\debug\src\hardware.o
                              0x55770 (size before relaxing)
 .debug_str     0x000606e7      0x21b obj\debug\src\imu.o
                              0x54f80 (size before relaxing)
 .debug_str     0x00060902       0x55 obj\debug\src\ledtask.o
                              0x57bc5 (size before relaxing)
 .debug_str     0x00060957      0xe4e obj\debug\src\main.o
                              0x5b61a (size before relaxing)
 .debug_str     0x000617a5      0x11d obj\debug\src\stm32f30x_it.o
                              0x585d7 (size before relaxing)
 .debug_str     0x000618c2       0xc0 obj\debug\src\systemledtask.o
                              0x58e2b (size before relaxing)
 .debug_str     0x00061982       0x99 obj\debug\src\system_stm32f30x.o
                              0x51e1e (size before relaxing)
 .debug_str     0x00061a1b       0xb9 obj\debug\src\usartrxtask.o
                              0x5a354 (size before relaxing)

.debug_frame    0x00000000     0x27a8
 .debug_frame   0x00000000       0xec obj\debug\spl\src\stm32f30x_exti.o
 .debug_frame   0x000000ec      0x180 obj\debug\spl\src\stm32f30x_gpio.o
 .debug_frame   0x0000026c      0x4ac obj\debug\spl\src\stm32f30x_i2c.o
 .debug_frame   0x00000718       0x9c obj\debug\spl\src\stm32f30x_misc.o
 .debug_frame   0x000007b4      0x44c obj\debug\spl\src\stm32f30x_rcc.o
 .debug_frame   0x00000c00      0x398 obj\debug\spl\src\stm32f30x_spi.o
 .debug_frame   0x00000f98      0x194 obj\debug\spl\src\stm32f30x_syscfg.o
 .debug_frame   0x0000112c       0x48 obj\debug\src\gpio.o
 .debug_frame   0x00001174       0x9c obj\debug\src\rtos\heap_2.o
 .debug_frame   0x00001210       0x9c obj\debug\src\rtos\list.o
 .debug_frame   0x000012ac      0x188 obj\debug\src\rtos\port.o
 .debug_frame   0x00001434      0x37c obj\debug\src\rtos\queue.o
 .debug_frame   0x000017b0      0x5b0 obj\debug\src\rtos\tasks.o
 .debug_frame   0x00001d60      0x1e0 obj\debug\src\rtos\timers.o
 .debug_frame   0x00001f40       0x50 obj\debug\src\buttontask.o
 .debug_frame   0x00001f90       0x98 obj\debug\src\delay.o
 .debug_frame   0x00002028      0x17c obj\debug\src\hardware.o
 .debug_frame   0x000021a4      0x1cc obj\debug\src\imu.o
 .debug_frame   0x00002370       0x50 obj\debug\src\ledtask.o
 .debug_frame   0x000023c0       0x9c obj\debug\src\main.o
 .debug_frame   0x0000245c      0x140 obj\debug\src\stm32f30x_it.o
 .debug_frame   0x0000259c       0x50 obj\debug\src\systemledtask.o
 .debug_frame   0x000025ec       0x64 obj\debug\src\system_stm32f30x.o
 .debug_frame   0x00002650       0x70 obj\debug\src\usartrxtask.o
 .debug_frame   0x000026c0       0x28 c:/program files (x86)/emblocks/2.30/share/em_armgcc/bin/../lib/gcc/arm-none-eabi/4.7.3/../../../../arm-none-eabi/lib/armv7e-m/softfp\libc_n.a(lib_a-exit.o)
 .debug_frame   0x000026e8       0x2c c:/program files (x86)/emblocks/2.30/share/em_armgcc/bin/../lib/gcc/arm-none-eabi/4.7.3/../../../../arm-none-eabi/lib/armv7e-m/softfp\libc_n.a(lib_a-init.o)
 .debug_frame   0x00002714       0x2c c:/program files (x86)/emblocks/2.30/share/em_armgcc/bin/../lib/gcc/arm-none-eabi/4.7.3/../../../../arm-none-eabi/lib/armv7e-m/softfp\libc_n.a(lib_a-memcmp.o)
 .debug_frame   0x00002740       0x28 c:/program files (x86)/emblocks/2.30/share/em_armgcc/bin/../lib/gcc/arm-none-eabi/4.7.3/../../../../arm-none-eabi/lib/armv7e-m/softfp\libc_n.a(lib_a-memcpy-stub.o)
 .debug_frame   0x00002768       0x20 c:/program files (x86)/emblocks/2.30/share/em_armgcc/bin/../lib/gcc/arm-none-eabi/4.7.3/../../../../arm-none-eabi/lib/armv7e-m/softfp\libc_n.a(lib_a-memset.o)
 .debug_frame   0x00002788       0x20 c:/program files (x86)/emblocks/2.30/share/em_armgcc/bin/../lib/gcc/arm-none-eabi/4.7.3/../../../../arm-none-eabi/lib/armv7e-m/softfp\libnosys.a(_exit.o)
